Archive member included to satisfy reference by file (symbol)

c:/st/stm32cubeide_1.6.1/stm32cubeide/plugins/com.st.stm32cube.ide.mcu.externaltools.gnu-tools-for-stm32.9-2020-q2-update.win32_2.0.0.202105311346/tools/bin/../lib/gcc/arm-none-eabi/9.3.1/../../../../arm-none-eabi/lib/thumb/v7e-m/nofp\libc_nano.a(lib_a-errno.o)
                              ./Src/syscalls.o (__errno)
c:/st/stm32cubeide_1.6.1/stm32cubeide/plugins/com.st.stm32cube.ide.mcu.externaltools.gnu-tools-for-stm32.9-2020-q2-update.win32_2.0.0.202105311346/tools/bin/../lib/gcc/arm-none-eabi/9.3.1/../../../../arm-none-eabi/lib/thumb/v7e-m/nofp\libc_nano.a(lib_a-exit.o)
                              c:/st/stm32cubeide_1.6.1/stm32cubeide/plugins/com.st.stm32cube.ide.mcu.externaltools.gnu-tools-for-stm32.9-2020-q2-update.win32_2.0.0.202105311346/tools/bin/../lib/gcc/arm-none-eabi/9.3.1/../../../../arm-none-eabi/lib/thumb/v7e-m/nofp/crt0.o (exit)
c:/st/stm32cubeide_1.6.1/stm32cubeide/plugins/com.st.stm32cube.ide.mcu.externaltools.gnu-tools-for-stm32.9-2020-q2-update.win32_2.0.0.202105311346/tools/bin/../lib/gcc/arm-none-eabi/9.3.1/../../../../arm-none-eabi/lib/thumb/v7e-m/nofp\libc_nano.a(lib_a-impure.o)
                              c:/st/stm32cubeide_1.6.1/stm32cubeide/plugins/com.st.stm32cube.ide.mcu.externaltools.gnu-tools-for-stm32.9-2020-q2-update.win32_2.0.0.202105311346/tools/bin/../lib/gcc/arm-none-eabi/9.3.1/../../../../arm-none-eabi/lib/thumb/v7e-m/nofp\libc_nano.a(lib_a-exit.o) (_global_impure_ptr)
c:/st/stm32cubeide_1.6.1/stm32cubeide/plugins/com.st.stm32cube.ide.mcu.externaltools.gnu-tools-for-stm32.9-2020-q2-update.win32_2.0.0.202105311346/tools/bin/../lib/gcc/arm-none-eabi/9.3.1/../../../../arm-none-eabi/lib/thumb/v7e-m/nofp\libc_nano.a(lib_a-init.o)
                              c:/st/stm32cubeide_1.6.1/stm32cubeide/plugins/com.st.stm32cube.ide.mcu.externaltools.gnu-tools-for-stm32.9-2020-q2-update.win32_2.0.0.202105311346/tools/bin/../lib/gcc/arm-none-eabi/9.3.1/../../../../arm-none-eabi/lib/thumb/v7e-m/nofp/crt0.o (__libc_init_array)
c:/st/stm32cubeide_1.6.1/stm32cubeide/plugins/com.st.stm32cube.ide.mcu.externaltools.gnu-tools-for-stm32.9-2020-q2-update.win32_2.0.0.202105311346/tools/bin/../lib/gcc/arm-none-eabi/9.3.1/../../../../arm-none-eabi/lib/thumb/v7e-m/nofp\libc_nano.a(lib_a-memcpy-stub.o)
                              ./fsfat32/Src/fsfat32.o (memcpy)
c:/st/stm32cubeide_1.6.1/stm32cubeide/plugins/com.st.stm32cube.ide.mcu.externaltools.gnu-tools-for-stm32.9-2020-q2-update.win32_2.0.0.202105311346/tools/bin/../lib/gcc/arm-none-eabi/9.3.1/../../../../arm-none-eabi/lib/thumb/v7e-m/nofp\libc_nano.a(lib_a-memset.o)
                              c:/st/stm32cubeide_1.6.1/stm32cubeide/plugins/com.st.stm32cube.ide.mcu.externaltools.gnu-tools-for-stm32.9-2020-q2-update.win32_2.0.0.202105311346/tools/bin/../lib/gcc/arm-none-eabi/9.3.1/../../../../arm-none-eabi/lib/thumb/v7e-m/nofp/crt0.o (memset)
c:/st/stm32cubeide_1.6.1/stm32cubeide/plugins/com.st.stm32cube.ide.mcu.externaltools.gnu-tools-for-stm32.9-2020-q2-update.win32_2.0.0.202105311346/tools/bin/../lib/gcc/arm-none-eabi/9.3.1/../../../../arm-none-eabi/lib/thumb/v7e-m/nofp\libc_nano.a(lib_a-printf.o)
                              ./Src/main.o (printf)
c:/st/stm32cubeide_1.6.1/stm32cubeide/plugins/com.st.stm32cube.ide.mcu.externaltools.gnu-tools-for-stm32.9-2020-q2-update.win32_2.0.0.202105311346/tools/bin/../lib/gcc/arm-none-eabi/9.3.1/../../../../arm-none-eabi/lib/thumb/v7e-m/nofp\libc_nano.a(lib_a-puts.o)
                              ./Src/main.o (puts)
c:/st/stm32cubeide_1.6.1/stm32cubeide/plugins/com.st.stm32cube.ide.mcu.externaltools.gnu-tools-for-stm32.9-2020-q2-update.win32_2.0.0.202105311346/tools/bin/../lib/gcc/arm-none-eabi/9.3.1/../../../../arm-none-eabi/lib/thumb/v7e-m/nofp\libc_nano.a(lib_a-strcmp.o)
                              ./fsfat32/Src/fsfat32.o (strcmp)
c:/st/stm32cubeide_1.6.1/stm32cubeide/plugins/com.st.stm32cube.ide.mcu.externaltools.gnu-tools-for-stm32.9-2020-q2-update.win32_2.0.0.202105311346/tools/bin/../lib/gcc/arm-none-eabi/9.3.1/../../../../arm-none-eabi/lib/thumb/v7e-m/nofp\libc_nano.a(lib_a-strcpy.o)
                              ./fsfat32/Src/fsfat32.o (strcpy)
c:/st/stm32cubeide_1.6.1/stm32cubeide/plugins/com.st.stm32cube.ide.mcu.externaltools.gnu-tools-for-stm32.9-2020-q2-update.win32_2.0.0.202105311346/tools/bin/../lib/gcc/arm-none-eabi/9.3.1/../../../../arm-none-eabi/lib/thumb/v7e-m/nofp\libc_nano.a(lib_a-strtok.o)
                              ./fsfat32/Src/fsfat32.o (strtok)
c:/st/stm32cubeide_1.6.1/stm32cubeide/plugins/com.st.stm32cube.ide.mcu.externaltools.gnu-tools-for-stm32.9-2020-q2-update.win32_2.0.0.202105311346/tools/bin/../lib/gcc/arm-none-eabi/9.3.1/../../../../arm-none-eabi/lib/thumb/v7e-m/nofp\libc_nano.a(lib_a-strtok_r.o)
[...]
Memory Configuration

Name             Origin             Length             Attributes
CCMRAM           0x0000000010000000 0x0000000000010000 xrw
RAM              0x0000000020000000 0x0000000000020000 xrw
FLASH            0x0000000008000000 0x0000000000100000 xr
*default*        0x0000000000000000 0xffffffffffffffff

Linker script and memory map

LOAD c:/st/stm32cubeide_1.6.1/stm32cubeide/plugins/com.st.stm32cube.ide.mcu.externaltools.gnu-tools-for-stm32.9-2020-q2-update.win32_2.0.0.202105311346/tools/bin/../lib/gcc/arm-none-eabi/9.3.1/thumb/v7e-m/nofp/crti.o
LOAD c:/st/stm32cubeide_1.6.1/stm32cubeide/plugins/com.st.stm32cube.ide.mcu.externaltools.gnu-tools-for-stm32.9-2020-q2-update.win32_2.0.0.202105311346/tools/bin/../lib/gcc/arm-none-eabi/9.3.1/thumb/v7e-m/nofp/crtbegin.o
LOAD c:/st/stm32cubeide_1.6.1/stm32cubeide/plugins/com.st.stm32cube.ide.mcu.externaltools.gnu-tools-for-stm32.9-2020-q2-update.win32_2.0.0.202105311346/tools/bin/../lib/gcc/arm-none-eabi/9.3.1/../../../../arm-none-eabi/lib/thumb/v7e-m/nofp/crt0.o
LOAD ./Src/main.o
LOAD ./Src/syscalls.o
LOAD ./Src/sysmem.o
LOAD ./Startup/startup_stm32f407vgtx.o
LOAD ./drivers/Src/stm32_SDcard.o
LOAD ./drivers/Src/stm32f407XX_spi_driver.o
LOAD ./drivers/Src/stm32f407xx_gpio_driver.o
LOAD ./fsfat32/Src/fsfat32.o
START GROUP
LOAD c:/st/stm32cubeide_1.6.1/stm32cubeide/plugins/com.st.stm32cube.ide.mcu.externaltools.gnu-tools-for-stm32.9-2020-q2-update.win32_2.0.0.202105311346/tools/bin/../lib/gcc/arm-none-eabi/9.3.1/../../../../arm-none-eabi/lib/thumb/v7e-m/nofp\libc_nano.a
LOAD c:/st/stm32cubeide_1.6.1/stm32cubeide/plugins/com.st.stm32cube.ide.mcu.externaltools.gnu-tools-for-stm32.9-2020-q2-update.win32_2.0.0.202105311346/tools/bin/../lib/gcc/arm-none-eabi/9.3.1/../../../../arm-none-eabi/lib/thumb/v7e-m/nofp\libm.a
END GROUP
START GROUP
LOAD c:/st/stm32cubeide_1.6.1/stm32cubeide/plugins/com.st.stm32cube.ide.mcu.externaltools.gnu-tools-for-stm32.9-2020-q2-update.win32_2.0.0.202105311346/tools/bin/../lib/gcc/arm-none-eabi/9.3.1/thumb/v7e-m/nofp\libgcc.a
LOAD c:/st/stm32cubeide_1.6.1/stm32cubeide/plugins/com.st.stm32cube.ide.mcu.externaltools.gnu-tools-for-stm32.9-2020-q2-update.win32_2.0.0.202105311346/tools/bin/../lib/gcc/arm-none-eabi/9.3.1/../../../../arm-none-eabi/lib/thumb/v7e-m/nofp\libc_nano.a
END GROUP
START GROUP
LOAD c:/st/stm32cubeide_1.6.1/stm32cubeide/plugins/com.st.stm32cube.ide.mcu.externaltools.gnu-tools-for-stm32.9-2020-q2-update.win32_2.0.0.202105311346/tools/bin/../lib/gcc/arm-none-eabi/9.3.1/thumb/v7e-m/nofp\libgcc.a
LOAD c:/st/stm32cubeide_1.6.1/stm32cubeide/plugins/com.st.stm32cube.ide.mcu.externaltools.gnu-tools-for-stm32.9-2020-q2-update.win32_2.0.0.202105311346/tools/bin/../lib/gcc/arm-none-eabi/9.3.1/../../../../arm-none-eabi/lib/thumb/v7e-m/nofp\libc_nano.a
LOAD c:/st/stm32cubeide_1.6.1/stm32cubeide/plugins/com.st.stm32cube.ide.mcu.externaltools.gnu-tools-for-stm32.9-2020-q2-update.win32_2.0.0.202105311346/tools/bin/../lib/gcc/arm-none-eabi/9.3.1/../../../../arm-none-eabi/lib/thumb/v7e-m/nofp\libnosys.a
END GROUP
START GROUP
LOAD c:/st/stm32cubeide_1.6.1/stm32cubeide/plugins/com.st.stm32cube.ide.mcu.externaltools.gnu-tools-for-stm32.9-2020-q2-update.win32_2.0.0.202105311346/tools/bin/../lib/gcc/arm-none-eabi/9.3.1/thumb/v7e-m/nofp\libgcc.a
LOAD c:/st/stm32cubeide_1.6.1/stm32cubeide/plugins/com.st.stm32cube.ide.mcu.externaltools.gnu-tools-for-stm32.9-2020-q2-update.win32_2.0.0.202105311346/tools/bin/../lib/gcc/arm-none-eabi/9.3.1/../../../../arm-none-eabi/lib/thumb/v7e-m/nofp\libc_nano.a
LOAD c:/st/stm32cubeide_1.6.1/stm32cubeide/plugins/com.st.stm32cube.ide.mcu.externaltools.gnu-tools-for-stm32.9-2020-q2-update.win32_2.0.0.202105311346/tools/bin/../lib/gcc/arm-none-eabi/9.3.1/../../../../arm-none-eabi/lib/thumb/v7e-m/nofp\libnosys.a
END GROUP
LOAD c:/st/stm32cubeide_1.6.1/stm32cubeide/plugins/com.st.stm32cube.ide.mcu.externaltools.gnu-tools-for-stm32.9-2020-q2-update.win32_2.0.0.202105311346/tools/bin/../lib/gcc/arm-none-eabi/9.3.1/thumb/v7e-m/nofp/crtend.o
LOAD c:/st/stm32cubeide_1.6.1/stm32cubeide/plugins/com.st.stm32cube.ide.mcu.externaltools.gnu-tools-for-stm32.9-2020-q2-update.win32_2.0.0.202105311346/tools/bin/../lib/gcc/arm-none-eabi/9.3.1/thumb/v7e-m/nofp/crtn.o
                0x0000000020020000                _estack = (ORIGIN (RAM) + LENGTH (RAM))
                0x0000000000000200                _Min_Heap_Size = 0x200
                0x0000000000000400                _Min_Stack_Size = 0x400

.isr_vector     0x0000000008000000      0x1a8
                0x0000000008000000                . = ALIGN (0x4)
 *(.isr_vector)
 .isr_vector    0x0000000008000000      0x1a8 ./Startup/startup_stm32f407vgtx.o
                0x0000000008000000                g_pfnVectors
                0x00000000080001a8                . = ALIGN (0x4)

.text           0x00000000080001b0     0x3118
                0x00000000080001b0                . = ALIGN (0x4)
 *(.text)
 .text          0x00000000080001b0       0x40 c:/st/stm32cubeide_1.6.1/stm32cubeide/plugins/com.st.stm32cube.ide.mcu.externaltools.gnu-tools-for-stm32.9-2020-q2-update.win32_2.0.0.202105311346/tools/bin/../lib/gcc/arm-none-eabi/9.3.1/thumb/v7e-m/nofp/crtbegin.o
 .text          0x00000000080001f0       0x14 c:/st/stm32cubeide_1.6.1/stm32cubeide/plugins/com.st.stm32cube.ide.mcu.externaltools.gnu-tools-for-stm32.9-2020-q2-update.win32_2.0.0.202105311346/tools/bin/../lib/gcc/arm-none-eabi/9.3.1/../../../../arm-none-eabi/lib/thumb/v7e-m/nofp\libc_nano.a(lib_a-strcmp.o)
                0x00000000080001f0                strcmp
 *fill*         0x0000000008000204        0xc 
 .text          0x0000000008000210       0xa0 c:/st/stm32cubeide_1.6.1/stm32cubeide/plugins/com.st.stm32cube.ide.mcu.externaltools.gnu-tools-for-stm32.9-2020-q2-update.win32_2.0.0.202105311346/tools/bin/../lib/gcc/arm-none-eabi/9.3.1/../../../../arm-none-eabi/lib/thumb/v7e-m/nofp\libc_nano.a(lib_a-memchr.o)
                0x0000000008000210                memchr
 *(.text*)
 .text.SPI2_GPIOInits
                0x00000000080002b0       0x74 ./Src/main.o
                0x00000000080002b0                SPI2_GPIOInits
 .text.SPI2_Inits
                0x0000000008000324       0x3c ./Src/main.o
                0x0000000008000324                SPI2_Inits
 .text.DATA_PROCESSOR_DEFAULT
                0x0000000008000360       0x1c ./Src/main.o
                0x0000000008000360                DATA_PROCESSOR_DEFAULT
 .text.main     0x000000000800037c       0x70 ./Src/main.o
                0x000000000800037c                main
 .text.ITM_SendChar
                0x00000000080003ec       0x4c ./Src/syscalls.o
                0x00000000080003ec                ITM_SendChar
 .text._getpid  0x0000000008000438        0xe ./Src/syscalls.o
                0x0000000008000438                _getpid
 .text._kill    0x0000000008000446       0x20 ./Src/syscalls.o
                0x0000000008000446                _kill
 .text._exit    0x0000000008000466       0x14 ./Src/syscalls.o
                0x0000000008000466                _exit
 .text._read    0x000000000800047a       0x3a ./Src/syscalls.o
                0x000000000800047a                _read
 .text._write   0x00000000080004b4       0x38 ./Src/syscalls.o
                0x00000000080004b4                _write
 .text._close   0x00000000080004ec       0x16 ./Src/syscalls.o
                0x00000000080004ec                _close
 .text._fstat   0x0000000008000502       0x1e ./Src/syscalls.o
                0x0000000008000502                _fstat
 .text._isatty  0x0000000008000520       0x14 ./Src/syscalls.o
                0x0000000008000520                _isatty
 .text._lseek   0x0000000008000534       0x18 ./Src/syscalls.o
                0x0000000008000534                _lseek
 .text._sbrk    0x000000000800054c       0x6c ./Src/sysmem.o
                0x000000000800054c                _sbrk
 .text.Reset_Handler
                0x00000000080005b8       0x50 ./Startup/startup_stm32f407vgtx.o
                0x00000000080005b8                Reset_Handler
 .text.Default_Handler
                0x0000000008000608        0x2 ./Startup/startup_stm32f407vgtx.o
                0x0000000008000608                RTC_Alarm_IRQHandler
                0x0000000008000608                HASH_RNG_IRQHandler
                0x0000000008000608                EXTI2_IRQHandler
                0x0000000008000608                TIM8_CC_IRQHandler
                0x0000000008000608                DebugMon_Handler
                0x0000000008000608                TIM1_CC_IRQHandler
                0x0000000008000608                DMA2_Stream5_IRQHandler
                0x0000000008000608                HardFault_Handler
                0x0000000008000608                DMA1_Stream5_IRQHandler
                0x0000000008000608                SysTick_Handler
                0x0000000008000608                PVD_IRQHandler
                0x0000000008000608                SDIO_IRQHandler
                0x0000000008000608                TAMP_STAMP_IRQHandler
                0x0000000008000608                PendSV_Handler
                0x0000000008000608                NMI_Handler
                0x0000000008000608                CAN2_RX1_IRQHandler
                0x0000000008000608                EXTI3_IRQHandler
                0x0000000008000608                TIM8_TRG_COM_TIM14_IRQHandler
                0x0000000008000608                TIM1_UP_TIM10_IRQHandler
                0x0000000008000608                TIM8_UP_TIM13_IRQHandler
                0x0000000008000608                I2C3_ER_IRQHandler
                0x0000000008000608                LCD_TFT_IRQHandler
                0x0000000008000608                EXTI0_IRQHandler
                0x0000000008000608                I2C2_EV_IRQHandler
                0x0000000008000608                DMA1_Stream2_IRQHandler
                0x0000000008000608                CAN1_RX0_IRQHandler
                0x0000000008000608                FPU_IRQHandler
                0x0000000008000608                OTG_HS_WKUP_IRQHandler
                0x0000000008000608                UsageFault_Handler
                0x0000000008000608                CAN2_SCE_IRQHandler
                0x0000000008000608                DMA2_Stream2_IRQHandler
                0x0000000008000608                SPI1_IRQHandler
                0x0000000008000608                TIM6_DAC_IRQHandler
                0x0000000008000608                TIM1_BRK_TIM9_IRQHandler
                0x0000000008000608                DCMI_IRQHandler
                0x0000000008000608                CAN2_RX0_IRQHandler
                0x0000000008000608                DMA2_Stream3_IRQHandler
                0x0000000008000608                USART6_IRQHandler
                0x0000000008000608                USART3_IRQHandler
                0x0000000008000608                CRYP_IRQHandler
                0x0000000008000608                CAN1_RX1_IRQHandler
                0x0000000008000608                UART5_IRQHandler
                0x0000000008000608                DMA2_Stream0_IRQHandler
                0x0000000008000608                TIM4_IRQHandler
                0x0000000008000608                I2C1_EV_IRQHandler
                0x0000000008000608                DMA1_Stream6_IRQHandler
                0x0000000008000608                DMA1_Stream1_IRQHandler
                0x0000000008000608                UART4_IRQHandler
                0x0000000008000608                LCD_TFT_1_IRQHandler
                0x0000000008000608                TIM3_IRQHandler
                0x0000000008000608                RCC_IRQHandler
                0x0000000008000608                TIM8_BRK_TIM12_IRQHandler
                0x0000000008000608                Default_Handler
                0x0000000008000608                EXTI15_10_IRQHandler
                0x0000000008000608                ADC_IRQHandler
                0x0000000008000608                DMA1_Stream7_IRQHandler
                0x0000000008000608                TIM7_IRQHandler
                0x0000000008000608                CAN2_TX_IRQHandler
                0x0000000008000608                TIM5_IRQHandler
                0x0000000008000608                DMA2_Stream7_IRQHandler
                0x0000000008000608                I2C3_EV_IRQHandler
                0x0000000008000608                EXTI9_5_IRQHandler
                0x0000000008000608                RTC_WKUP_IRQHandler
                0x0000000008000608                ETH_WKUP_IRQHandler
                0x0000000008000608                SPI2_IRQHandler
                0x0000000008000608                OTG_HS_EP1_IN_IRQHandler
                0x0000000008000608                MemManage_Handler
                0x0000000008000608                DMA1_Stream0_IRQHandler
                0x0000000008000608                CAN1_TX_IRQHandler
                0x0000000008000608                SVC_Handler
                0x0000000008000608                EXTI4_IRQHandler
                0x0000000008000608                FSMC_IRQHandler
                0x0000000008000608                ETH_IRQHandler
                0x0000000008000608                OTG_HS_EP1_OUT_IRQHandler
                0x0000000008000608                WWDG_IRQHandler
                0x0000000008000608                TIM2_IRQHandler
                0x0000000008000608                OTG_FS_WKUP_IRQHandler
                0x0000000008000608                TIM1_TRG_COM_TIM11_IRQHandler
                0x0000000008000608                OTG_HS_IRQHandler
                0x0000000008000608                EXTI1_IRQHandler
                0x0000000008000608                USART2_IRQHandler
                0x0000000008000608                I2C2_ER_IRQHandler
                0x0000000008000608                DMA2_Stream1_IRQHandler
                0x0000000008000608                CAN1_SCE_IRQHandler
                0x0000000008000608                DMA2_Stream4_IRQHandler
                0x0000000008000608                BusFault_Handler
                0x0000000008000608                USART1_IRQHandler
                0x0000000008000608                OTG_FS_IRQHandler
                0x0000000008000608                SPI3_IRQHandler
                0x0000000008000608                DMA1_Stream4_IRQHandler
                0x0000000008000608                I2C1_ER_IRQHandler
                0x0000000008000608                DMA2_Stream6_IRQHandler
                0x0000000008000608                DMA1_Stream3_IRQHandler
 *fill*         0x000000000800060a        0x2 
 .text.deselectSDcard
                0x000000000800060c       0x18 ./drivers/Src/stm32_SDcard.o
                0x000000000800060c                deselectSDcard
 .text.selectSDcard
                0x0000000008000624       0x18 ./drivers/Src/stm32_SDcard.o
                0x0000000008000624                selectSDcard
 .text.sdPowerUp
                0x000000000800063c      0x120 ./drivers/Src/stm32_SDcard.o
 .text.sdInitSeq
                0x000000000800075c      0x1b8 ./drivers/Src/stm32_SDcard.o
 .text.readOCR  0x0000000008000914      0x1b4 ./drivers/Src/stm32_SDcard.o
 .text.sd_final_Init
                0x0000000008000ac8      0x264 ./drivers/Src/stm32_SDcard.o
 .text.prepReadWrite
                0x0000000008000d2c       0x54 ./drivers/Src/stm32_SDcard.o
 .text.readBlockSingle
                0x0000000008000d80      0x1fc ./drivers/Src/stm32_SDcard.o
                0x0000000008000d80                readBlockSingle
 .text.SD_init  0x0000000008000f7c       0x22 ./drivers/Src/stm32_SDcard.o
                0x0000000008000f7c                SD_init
 *fill*         0x0000000008000f9e        0x2 
 .text.SPI_PeripheralClockControl
                0x0000000008000fa0       0xb0 ./drivers/Src/stm32f407XX_spi_driver.o
                0x0000000008000fa0                SPI_PeripheralClockControl
 .text.SPI_Init
                0x0000000008001050       0xb6 ./drivers/Src/stm32f407XX_spi_driver.o
                0x0000000008001050                SPI_Init
 .text.SPI_Send
                0x0000000008001106       0x6e ./drivers/Src/stm32f407XX_spi_driver.o
                0x0000000008001106                SPI_Send
 .text.SPI_Read
                0x0000000008001174       0x6e ./drivers/Src/stm32f407XX_spi_driver.o
                0x0000000008001174                SPI_Read
 .text.SPI_GetFlagStatus
                0x00000000080011e2       0x26 ./drivers/Src/stm32f407XX_spi_driver.o
                0x00000000080011e2                SPI_GetFlagStatus
 .text.SPI_PeripheralControl
                0x0000000008001208       0x36 ./drivers/Src/stm32f407XX_spi_driver.o
                0x0000000008001208                SPI_PeripheralControl
 .text.SPI_SSIConfig
                0x000000000800123e       0x36 ./drivers/Src/stm32f407XX_spi_driver.o
                0x000000000800123e                SPI_SSIConfig
 .text.GPIO_PeripClockControl
                0x0000000008001274      0x230 ./drivers/Src/stm32f407xx_gpio_driver.o
                0x0000000008001274                GPIO_PeripClockControl
 .text.GPIO_Init
                0x00000000080014a4      0x370 ./drivers/Src/stm32f407xx_gpio_driver.o
                0x00000000080014a4                GPIO_Init
 .text.GPIO_WriteToOutputPin
                0x0000000008001814       0x48 ./drivers/Src/stm32f407xx_gpio_driver.o
                0x0000000008001814                GPIO_WriteToOutputPin
 .text.fsfat32_Init
                0x000000000800185c       0x26 ./fsfat32/Src/fsfat32.o
                0x000000000800185c                fsfat32_Init
 *fill*         0x0000000008001882        0x2 
 .text.readBPB  0x0000000008001884       0xb0 ./fsfat32/Src/fsfat32.o
                0x0000000008001884                readBPB
 .text.getRootDirectory
                0x0000000008001934       0x4c ./fsfat32/Src/fsfat32.o
                0x0000000008001934                getRootDirectory
 .text.getFatType
                0x0000000008001980      0x104 ./fsfat32/Src/fsfat32.o
                0x0000000008001980                getFatType
 .text.mapClusterToFat
                0x0000000008001a84      0x138 ./fsfat32/Src/fsfat32.o
                0x0000000008001a84                mapClusterToFat
 .text.readFile
                0x0000000008001bbc      0x440 ./fsfat32/Src/fsfat32.o
                0x0000000008001bbc                readFile
 .text.getFileData
                0x0000000008001ffc       0xd4 ./fsfat32/Src/fsfat32.o
                0x0000000008001ffc                getFileData
 .text.__errno  0x00000000080020d0        0xc c:/st/stm32cubeide_1.6.1/stm32cubeide/plugins/com.st.stm32cube.ide.mcu.externaltools.gnu-tools-for-stm32.9-2020-q2-update.win32_2.0.0.202105311346/tools/bin/../lib/gcc/arm-none-eabi/9.3.1/../../../../arm-none-eabi/lib/thumb/v7e-m/nofp\libc_nano.a(lib_a-errno.o)
                0x00000000080020d0                __errno
 .text.__libc_init_array
                0x00000000080020dc       0x48 c:/st/stm32cubeide_1.6.1/stm32cubeide/plugins/com.st.stm32cube.ide.mcu.externaltools.gnu-tools-for-stm32.9-2020-q2-update.win32_2.0.0.202105311346/tools/bin/../lib/gcc/arm-none-eabi/9.3.1/../../../../arm-none-eabi/lib/thumb/v7e-m/nofp\libc_nano.a(lib_a-init.o)
                0x00000000080020dc                __libc_init_array
 .text.memcpy   0x0000000008002124       0x1c c:/st/stm32cubeide_1.6.1/stm32cubeide/plugins/com.st.stm32cube.ide.mcu.externaltools.gnu-tools-for-stm32.9-2020-q2-update.win32_2.0.0.202105311346/tools/bin/../lib/gcc/arm-none-eabi/9.3.1/../../../../arm-none-eabi/lib/thumb/v7e-m/nofp\libc_nano.a(lib_a-memcpy-stub.o)
                0x0000000008002124                memcpy
 .text.memset   0x0000000008002140       0x10 c:/st/stm32cubeide_1.6.1/stm32cubeide/plugins/com.st.stm32cube.ide.mcu.externaltools.gnu-tools-for-stm32.9-2020-q2-update.win32_2.0.0.202105311346/tools/bin/../lib/gcc/arm-none-eabi/9.3.1/../../../../arm-none-eabi/lib/thumb/v7e-m/nofp\libc_nano.a(lib_a-memset.o)
                0x0000000008002140                memset
 .text.printf   0x0000000008002150       0x30 c:/st/stm32cubeide_1.6.1/stm32cubeide/plugins/com.st.stm32cube.ide.mcu.externaltools.gnu-tools-for-stm32.9-2020-q2-update.win32_2.0.0.202105311346/tools/bin/../lib/gcc/arm-none-eabi/9.3.1/../../../../arm-none-eabi/lib/thumb/v7e-m/nofp\libc_nano.a(lib_a-printf.o)
                0x0000000008002150                iprintf
                0x0000000008002150                printf
 .text._puts_r  0x0000000008002180       0xdc c:/st/stm32cubeide_1.6.1/stm32cubeide/plugins/com.st.stm32cube.ide.mcu.externaltools.gnu-tools-for-stm32.9-2020-q2-update.win32_2.0.0.202105311346/tools/bin/../lib/gcc/arm-none-eabi/9.3.1/../../../../arm-none-eabi/lib/thumb/v7e-m/nofp\libc_nano.a(lib_a-puts.o)
                0x0000000008002180                _puts_r
 .text.puts     0x000000000800225c       0x10 c:/st/stm32cubeide_1.6.1/stm32cubeide/plugins/com.st.stm32cube.ide.mcu.externaltools.gnu-tools-for-stm32.9-2020-q2-update.win32_2.0.0.202105311346/tools/bin/../lib/gcc/arm-none-eabi/9.3.1/../../../../arm-none-eabi/lib/thumb/v7e-m/nofp\libc_nano.a(lib_a-puts.o)
                0x000000000800225c                puts
 .text.strcpy   0x000000000800226c       0x10 c:/st/stm32cubeide_1.6.1/stm32cubeide/plugins/com.st.stm32cube.ide.mcu.externaltools.gnu-tools-for-stm32.9-2020-q2-update.win32_2.0.0.202105311346/tools/bin/../lib/gcc/arm-none-eabi/9.3.1/../../../../arm-none-eabi/lib/thumb/v7e-m/nofp\libc_nano.a(lib_a-strcpy.o)
                0x000000000800226c                strcpy
 .text.strtok   0x000000000800227c       0x68 c:/st/stm32cubeide_1.6.1/stm32cubeide/plugins/com.st.stm32cube.ide.mcu.externaltools.gnu-tools-for-stm32.9-2020-q2-update.win32_2.0.0.202105311346/tools/bin/../lib/gcc/arm-none-eabi/9.3.1/../../../../arm-none-eabi/lib/thumb/v7e-m/nofp\libc_nano.a(lib_a-strtok.o)
                0x000000000800227c                strtok
 .text.__strtok_r
                0x00000000080022e4       0x50 c:/st/stm32cubeide_1.6.1/stm32cubeide/plugins/com.st.stm32cube.ide.mcu.externaltools.gnu-tools-for-stm32.9-2020-q2-update.win32_2.0.0.202105311346/tools/bin/../lib/gcc/arm-none-eabi/9.3.1/../../../../arm-none-eabi/lib/thumb/v7e-m/nofp\libc_nano.a(lib_a-strtok_r.o)
                0x00000000080022e4                __strtok_r
 .text.__swbuf_r
                0x0000000008002334       0xa4 c:/st/stm32cubeide_1.6.1/stm32cubeide/plugins/com.st.stm32cube.ide.mcu.externaltools.gnu-tools-for-stm32.9-2020-q2-update.win32_2.0.0.202105311346/tools/bin/../lib/gcc/arm-none-eabi/9.3.1/../../../../arm-none-eabi/lib/thumb/v7e-m/nofp\libc_nano.a(lib_a-wbuf.o)
                0x0000000008002334                __swbuf_r
 .text.__swsetup_r
                0x00000000080023d8       0xdc c:/st/stm32cubeide_1.6.1/stm32cubeide/plugins/com.st.stm32cube.ide.mcu.externaltools.gnu-tools-for-stm32.9-2020-q2-update.win32_2.0.0.202105311346/tools/bin/../lib/gcc/arm-none-eabi/9.3.1/../../../../arm-none-eabi/lib/thumb/v7e-m/nofp\libc_nano.a(lib_a-wsetup.o)
                0x00000000080023d8                __swsetup_r
 .text.__assert_func
                0x00000000080024b4       0x3c c:/st/stm32cubeide_1.6.1/stm32cubeide/plugins/com.st.stm32cube.ide.mcu.externaltools.gnu-tools-for-stm32.9-2020-q2-update.win32_2.0.0.202105311346/tools/bin/../lib/gcc/arm-none-eabi/9.3.1/../../../../arm-none-eabi/lib/thumb/v7e-m/nofp\libc_nano.a(lib_a-assert.o)
                0x00000000080024b4                __assert_func
 .text.__sflush_r
                0x00000000080024f0      0x10c c:/st/stm32cubeide_1.6.1/stm32cubeide/plugins/com.st.stm32cube.ide.mcu.externaltools.gnu-tools-for-stm32.9-2020-q2-update.win32_2.0.0.202105311346/tools/bin/../lib/gcc/arm-none-eabi/9.3.1/../../../../arm-none-eabi/lib/thumb/v7e-m/nofp\libc_nano.a(lib_a-fflush.o)
                0x00000000080024f0                __sflush_r
 .text._fflush_r
                0x00000000080025fc       0x78 c:/st/stm32cubeide_1.6.1/stm32cubeide/plugins/com.st.stm32cube.ide.mcu.externaltools.gnu-tools-for-stm32.9-2020-q2-update.win32_2.0.0.202105311346/tools/bin/../lib/gcc/arm-none-eabi/9.3.1/../../../../arm-none-eabi/lib/thumb/v7e-m/nofp\libc_nano.a(lib_a-fflush.o)
                0x00000000080025fc                _fflush_r
 .text.std      0x0000000008002674       0x48 c:/st/stm32cubeide_1.6.1/stm32cubeide/plugins/com.st.stm32cube.ide.mcu.externaltools.gnu-tools-for-stm32.9-2020-q2-update.win32_2.0.0.202105311346/tools/bin/../lib/gcc/arm-none-eabi/9.3.1/../../../../arm-none-eabi/lib/thumb/v7e-m/nofp\libc_nano.a(lib_a-findfp.o)
 .text._cleanup_r
                0x00000000080026bc        0xc c:/st/stm32cubeide_1.6.1/stm32cubeide/plugins/com.st.stm32cube.ide.mcu.externaltools.gnu-tools-for-stm32.9-2020-q2-update.win32_2.0.0.202105311346/tools/bin/../lib/gcc/arm-none-eabi/9.3.1/../../../../arm-none-eabi/lib/thumb/v7e-m/nofp\libc_nano.a(lib_a-findfp.o)
                0x00000000080026bc                _cleanup_r
 .text.__sfmoreglue
                0x00000000080026c8       0x2c c:/st/stm32cubeide_1.6.1/stm32cubeide/plugins/com.st.stm32cube.ide.mcu.externaltools.gnu-tools-for-stm32.9-2020-q2-update.win32_2.0.0.202105311346/tools/bin/../lib/gcc/arm-none-eabi/9.3.1/../../../../arm-none-eabi/lib/thumb/v7e-m/nofp\libc_nano.a(lib_a-findfp.o)
                0x00000000080026c8                __sfmoreglue
 .text.__sfp_lock_acquire
                0x00000000080026f4        0xc c:/st/stm32cubeide_1.6.1/stm32cubeide/plugins/com.st.stm32cube.ide.mcu.externaltools.gnu-tools-for-stm32.9-2020-q2-update.win32_2.0.0.202105311346/tools/bin/../lib/gcc/arm-none-eabi/9.3.1/../../../../arm-none-eabi/lib/thumb/v7e-m/nofp\libc_nano.a(lib_a-findfp.o)
                0x00000000080026f4                __sfp_lock_acquire
 .text.__sfp_lock_release
                0x0000000008002700        0xc c:/st/stm32cubeide_1.6.1/stm32cubeide/plugins/com.st.stm32cube.ide.mcu.externaltools.gnu-tools-for-stm32.9-2020-q2-update.win32_2.0.0.202105311346/tools/bin/../lib/gcc/arm-none-eabi/9.3.1/../../../../arm-none-eabi/lib/thumb/v7e-m/nofp\libc_nano.a(lib_a-findfp.o)
                0x0000000008002700                __sfp_lock_release
 .text.__sinit_lock_acquire
                0x000000000800270c        0xc c:/st/stm32cubeide_1.6.1/stm32cubeide/plugins/com.st.stm32cube.ide.mcu.externaltools.gnu-tools-for-stm32.9-2020-q2-update.win32_2.0.0.202105311346/tools/bin/../lib/gcc/arm-none-eabi/9.3.1/../../../../arm-none-eabi/lib/thumb/v7e-m/nofp\libc_nano.a(lib_a-findfp.o)
                0x000000000800270c                __sinit_lock_acquire
 .text.__sinit_lock_release
                0x0000000008002718        0xc c:/st/stm32cubeide_1.6.1/stm32cubeide/plugins/com.st.stm32cube.ide.mcu.externaltools.gnu-tools-for-stm32.9-2020-q2-update.win32_2.0.0.202105311346/tools/bin/../lib/gcc/arm-none-eabi/9.3.1/../../../../arm-none-eabi/lib/thumb/v7e-m/nofp\libc_nano.a(lib_a-findfp.o)
                0x0000000008002718                __sinit_lock_release
 .text.__sinit  0x0000000008002724       0x70 c:/st/stm32cubeide_1.6.1/stm32cubeide/plugins/com.st.stm32cube.ide.mcu.externaltools.gnu-tools-for-stm32.9-2020-q2-update.win32_2.0.0.202105311346/tools/bin/../lib/gcc/arm-none-eabi/9.3.1/../../../../arm-none-eabi/lib/thumb/v7e-m/nofp\libc_nano.a(lib_a-findfp.o)
                0x0000000008002724                __sinit
 .text.__sfp    0x0000000008002794       0x8c c:/st/stm32cubeide_1.6.1/stm32cubeide/plugins/com.st.stm32cube.ide.mcu.externaltools.gnu-tools-for-stm32.9-2020-q2-update.win32_2.0.0.202105311346/tools/bin/../lib/gcc/arm-none-eabi/9.3.1/../../../../arm-none-eabi/lib/thumb/v7e-m/nofp\libc_nano.a(lib_a-findfp.o)
                0x0000000008002794                __sfp
 .text.fprintf  0x0000000008002820       0x24 c:/st/stm32cubeide_1.6.1/stm32cubeide/plugins/com.st.stm32cube.ide.mcu.externaltools.gnu-tools-for-stm32.9-2020-q2-update.win32_2.0.0.202105311346/tools/bin/../lib/gcc/arm-none-eabi/9.3.1/../../../../arm-none-eabi/lib/thumb/v7e-m/nofp\libc_nano.a(lib_a-fprintf.o)
                0x0000000008002820                fiprintf
                0x0000000008002820                fprintf
 .text._fwalk_reent
                0x0000000008002844       0x3e c:/st/stm32cubeide_1.6.1/stm32cubeide/plugins/com.st.stm32cube.ide.mcu.externaltools.gnu-tools-for-stm32.9-2020-q2-update.win32_2.0.0.202105311346/tools/bin/../lib/gcc/arm-none-eabi/9.3.1/../../../../arm-none-eabi/lib/thumb/v7e-m/nofp\libc_nano.a(lib_a-fwalk.o)
                0x0000000008002844                _fwalk_reent
 .text.__retarget_lock_init_recursive
                0x0000000008002882        0x2 c:/st/stm32cubeide_1.6.1/stm32cubeide/plugins/com.st.stm32cube.ide.mcu.externaltools.gnu-tools-for-stm32.9-2020-q2-update.win32_2.0.0.202105311346/tools/bin/../lib/gcc/arm-none-eabi/9.3.1/../../../../arm-none-eabi/lib/thumb/v7e-m/nofp\libc_nano.a(lib_a-lock.o)
                0x0000000008002882                __retarget_lock_init_recursive
 .text.__retarget_lock_acquire_recursive
                0x0000000008002884        0x2 c:/st/stm32cubeide_1.6.1/stm32cubeide/plugins/com.st.stm32cube.ide.mcu.externaltools.gnu-tools-for-stm32.9-2020-q2-update.win32_2.0.0.202105311346/tools/bin/../lib/gcc/arm-none-eabi/9.3.1/../../../../arm-none-eabi/lib/thumb/v7e-m/nofp\libc_nano.a(lib_a-lock.o)
                0x0000000008002884                __retarget_lock_acquire_recursive
 .text.__retarget_lock_release_recursive
                0x0000000008002886        0x2 c:/st/stm32cubeide_1.6.1/stm32cubeide/plugins/com.st.stm32cube.ide.mcu.externaltools.gnu-tools-for-stm32.9-2020-q2-update.win32_2.0.0.202105311346/tools/bin/../lib/gcc/arm-none-eabi/9.3.1/../../../../arm-none-eabi/lib/thumb/v7e-m/nofp\libc_nano.a(lib_a-lock.o)
                0x0000000008002886                __retarget_lock_release_recursive
 .text.__swhatbuf_r
                0x0000000008002888       0x48 c:/st/stm32cubeide_1.6.1/stm32cubeide/plugins/com.st.stm32cube.ide.mcu.externaltools.gnu-tools-for-stm32.9-2020-q2-update.win32_2.0.0.202105311346/tools/bin/../lib/gcc/arm-none-eabi/9.3.1/../../../../arm-none-eabi/lib/thumb/v7e-m/nofp\libc_nano.a(lib_a-makebuf.o)
                0x0000000008002888                __swhatbuf_r
 .text.__smakebuf_r
                0x00000000080028d0       0x80 c:/st/stm32cubeide_1.6.1/stm32cubeide/plugins/com.st.stm32cube.ide.mcu.externaltools.gnu-tools-for-stm32.9-2020-q2-update.win32_2.0.0.202105311346/tools/bin/../lib/gcc/arm-none-eabi/9.3.1/../../../../arm-none-eabi/lib/thumb/v7e-m/nofp\libc_nano.a(lib_a-makebuf.o)
                0x00000000080028d0                __smakebuf_r
 .text.malloc   0x0000000008002950       0x10 c:/st/stm32cubeide_1.6.1/stm32cubeide/plugins/com.st.stm32cube.ide.mcu.externaltools.gnu-tools-for-stm32.9-2020-q2-update.win32_2.0.0.202105311346/tools/bin/../lib/gcc/arm-none-eabi/9.3.1/../../../../arm-none-eabi/lib/thumb/v7e-m/nofp\libc_nano.a(lib_a-malloc.o)
                0x0000000008002950                malloc
 .text._free_r  0x0000000008002960       0x9c c:/st/stm32cubeide_1.6.1/stm32cubeide/plugins/com.st.stm32cube.ide.mcu.externaltools.gnu-tools-for-stm32.9-2020-q2-update.win32_2.0.0.202105311346/tools/bin/../lib/gcc/arm-none-eabi/9.3.1/../../../../arm-none-eabi/lib/thumb/v7e-m/nofp\libc_nano.a(lib_a-nano-freer.o)
                0x0000000008002960                _free_r
 .text._malloc_r
                0x00000000080029fc       0xb4 c:/st/stm32cubeide_1.6.1/stm32cubeide/plugins/com.st.stm32cube.ide.mcu.externaltools.gnu-tools-for-stm32.9-2020-q2-update.win32_2.0.0.202105311346/tools/bin/../lib/gcc/arm-none-eabi/9.3.1/../../../../arm-none-eabi/lib/thumb/v7e-m/nofp\libc_nano.a(lib_a-nano-mallocr.o)
                0x00000000080029fc                _malloc_r
 .text.__sfputc_r
                0x0000000008002ab0       0x2a c:/st/stm32cubeide_1.6.1/stm32cubeide/plugins/com.st.stm32cube.ide.mcu.externaltools.gnu-tools-for-stm32.9-2020-q2-update.win32_2.0.0.202105311346/tools/bin/../lib/gcc/arm-none-eabi/9.3.1/../../../../arm-none-eabi/lib/thumb/v7e-m/nofp\libc_nano.a(lib_a-nano-vfprintf.o)
 .text.__sfputs_r
                0x0000000008002ada       0x24 c:/st/stm32cubeide_1.6.1/stm32cubeide/plugins/com.st.stm32cube.ide.mcu.externaltools.gnu-tools-for-stm32.9-2020-q2-update.win32_2.0.0.202105311346/tools/bin/../lib/gcc/arm-none-eabi/9.3.1/../../../../arm-none-eabi/lib/thumb/v7e-m/nofp\libc_nano.a(lib_a-nano-vfprintf.o)
                0x0000000008002ada                __sfputs_r
 *fill*         0x0000000008002afe        0x2 
 .text._vfprintf_r
                0x0000000008002b00      0x260 c:/st/stm32cubeide_1.6.1/stm32cubeide/plugins/com.st.stm32cube.ide.mcu.externaltools.gnu-tools-for-stm32.9-2020-q2-update.win32_2.0.0.202105311346/tools/bin/../lib/gcc/arm-none-eabi/9.3.1/../../../../arm-none-eabi/lib/thumb/v7e-m/nofp\libc_nano.a(lib_a-nano-vfprintf.o)
                0x0000000008002b00                _vfprintf_r
                0x0000000008002b00                _vfiprintf_r
 .text._printf_common
                0x0000000008002d60       0xda c:/st/stm32cubeide_1.6.1/stm32cubeide/plugins/com.st.stm32cube.ide.mcu.externaltools.gnu-tools-for-stm32.9-2020-q2-update.win32_2.0.0.202105311346/tools/bin/../lib/gcc/arm-none-eabi/9.3.1/../../../../arm-none-eabi/lib/thumb/v7e-m/nofp\libc_nano.a(lib_a-nano-vfprintf_i.o)
                0x0000000008002d60                _printf_common
 *fill*         0x0000000008002e3a        0x2 
 .text._printf_i
                0x0000000008002e3c      0x24c c:/st/stm32cubeide_1.6.1/stm32cubeide/plugins/com.st.stm32cube.ide.mcu.externaltools.gnu-tools-for-stm32.9-2020-q2-update.win32_2.0.0.202105311346/tools/bin/../lib/gcc/arm-none-eabi/9.3.1/../../../../arm-none-eabi/lib/thumb/v7e-m/nofp\libc_nano.a(lib_a-nano-vfprintf_i.o)
                0x0000000008002e3c                _printf_i
 .text._sbrk_r  0x0000000008003088       0x20 c:/st/stm32cubeide_1.6.1/stm32cubeide/plugins/com.st.stm32cube.ide.mcu.externaltools.gnu-tools-for-stm32.9-2020-q2-update.win32_2.0.0.202105311346/tools/bin/../lib/gcc/arm-none-eabi/9.3.1/../../../../arm-none-eabi/lib/thumb/v7e-m/nofp\libc_nano.a(lib_a-sbrkr.o)
                0x0000000008003088                _sbrk_r
 .text.__sread  0x00000000080030a8       0x22 c:/st/stm32cubeide_1.6.1/stm32cubeide/plugins/com.st.stm32cube.ide.mcu.externaltools.gnu-tools-for-stm32.9-2020-q2-update.win32_2.0.0.202105311346/tools/bin/../lib/gcc/arm-none-eabi/9.3.1/../../../../arm-none-eabi/lib/thumb/v7e-m/nofp\libc_nano.a(lib_a-stdio.o)
                0x00000000080030a8                __sread
 .text.__swrite
                0x00000000080030ca       0x38 c:/st/stm32cubeide_1.6.1/stm32cubeide/plugins/com.st.stm32cube.ide.mcu.externaltools.gnu-tools-for-stm32.9-2020-q2-update.win32_2.0.0.202105311346/tools/bin/../lib/gcc/arm-none-eabi/9.3.1/../../../../arm-none-eabi/lib/thumb/v7e-m/nofp\libc_nano.a(lib_a-stdio.o)
                0x00000000080030ca                __swrite
 .text.__sseek  0x0000000008003102       0x24 c:/st/stm32cubeide_1.6.1/stm32cubeide/plugins/com.st.stm32cube.ide.mcu.externaltools.gnu-tools-for-stm32.9-2020-q2-update.win32_2.0.0.202105311346/tools/bin/../lib/gcc/arm-none-eabi/9.3.1/../../../../arm-none-eabi/lib/thumb/v7e-m/nofp\libc_nano.a(lib_a-stdio.o)
                0x0000000008003102                __sseek
 .text.__sclose
                0x0000000008003126        0x8 c:/st/stm32cubeide_1.6.1/stm32cubeide/plugins/com.st.stm32cube.ide.mcu.externaltools.gnu-tools-for-stm32.9-2020-q2-update.win32_2.0.0.202105311346/tools/bin/../lib/gcc/arm-none-eabi/9.3.1/../../../../arm-none-eabi/lib/thumb/v7e-m/nofp\libc_nano.a(lib_a-stdio.o)
                0x0000000008003126                __sclose
 *fill*         0x000000000800312e        0x2 
 .text._write_r
                0x0000000008003130       0x24 c:/st/stm32cubeide_1.6.1/stm32cubeide/plugins/com.st.stm32cube.ide.mcu.externaltools.gnu-tools-for-stm32.9-2020-q2-update.win32_2.0.0.202105311346/tools/bin/../lib/gcc/arm-none-eabi/9.3.1/../../../../arm-none-eabi/lib/thumb/v7e-m/nofp\libc_nano.a(lib_a-writer.o)
                0x0000000008003130                _write_r
 .text.abort    0x0000000008003154        0xe c:/st/stm32cubeide_1.6.1/stm32cubeide/plugins/com.st.stm32cube.ide.mcu.externaltools.gnu-tools-for-stm32.9-2020-q2-update.win32_2.0.0.202105311346/tools/bin/../lib/gcc/arm-none-eabi/9.3.1/../../../../arm-none-eabi/lib/thumb/v7e-m/nofp\libc_nano.a(lib_a-abort.o)
                0x0000000008003154                abort
 *fill*         0x0000000008003162        0x2 
 .text._close_r
                0x0000000008003164       0x20 c:/st/stm32cubeide_1.6.1/stm32cubeide/plugins/com.st.stm32cube.ide.mcu.externaltools.gnu-tools-for-stm32.9-2020-q2-update.win32_2.0.0.202105311346/tools/bin/../lib/gcc/arm-none-eabi/9.3.1/../../../../arm-none-eabi/lib/thumb/v7e-m/nofp\libc_nano.a(lib_a-closer.o)
                0x0000000008003164                _close_r
 .text._fstat_r
                0x0000000008003184       0x24 c:/st/stm32cubeide_1.6.1/stm32cubeide/plugins/com.st.stm32cube.ide.mcu.externaltools.gnu-tools-for-stm32.9-2020-q2-update.win32_2.0.0.202105311346/tools/bin/../lib/gcc/arm-none-eabi/9.3.1/../../../../arm-none-eabi/lib/thumb/v7e-m/nofp\libc_nano.a(lib_a-fstatr.o)
                0x0000000008003184                _fstat_r
 .text._isatty_r
                0x00000000080031a8       0x20 c:/st/stm32cubeide_1.6.1/stm32cubeide/plugins/com.st.stm32cube.ide.mcu.externaltools.gnu-tools-for-stm32.9-2020-q2-update.win32_2.0.0.202105311346/tools/bin/../lib/gcc/arm-none-eabi/9.3.1/../../../../arm-none-eabi/lib/thumb/v7e-m/nofp\libc_nano.a(lib_a-isattyr.o)
                0x00000000080031a8                _isatty_r
 .text._lseek_r
                0x00000000080031c8       0x24 c:/st/stm32cubeide_1.6.1/stm32cubeide/plugins/com.st.stm32cube.ide.mcu.externaltools.gnu-tools-for-stm32.9-2020-q2-update.win32_2.0.0.202105311346/tools/bin/../lib/gcc/arm-none-eabi/9.3.1/../../../../arm-none-eabi/lib/thumb/v7e-m/nofp\libc_nano.a(lib_a-lseekr.o)
                0x00000000080031c8                _lseek_r
 .text.__malloc_lock
                0x00000000080031ec        0xc c:/st/stm32cubeide_1.6.1/stm32cubeide/plugins/com.st.stm32cube.ide.mcu.externaltools.gnu-tools-for-stm32.9-2020-q2-update.win32_2.0.0.202105311346/tools/bin/../lib/gcc/arm-none-eabi/9.3.1/../../../../arm-none-eabi/lib/thumb/v7e-m/nofp\libc_nano.a(lib_a-mlock.o)
                0x00000000080031ec                __malloc_lock
 .text.__malloc_unlock
                0x00000000080031f8        0xc c:/st/stm32cubeide_1.6.1/stm32cubeide/plugins/com.st.stm32cube.ide.mcu.externaltools.gnu-tools-for-stm32.9-2020-q2-update.win32_2.0.0.202105311346/tools/bin/../lib/gcc/arm-none-eabi/9.3.1/../../../../arm-none-eabi/lib/thumb/v7e-m/nofp\libc_nano.a(lib_a-mlock.o)
                0x00000000080031f8                __malloc_unlock
 .text._read_r  0x0000000008003204       0x24 c:/st/stm32cubeide_1.6.1/stm32cubeide/plugins/com.st.stm32cube.ide.mcu.externaltools.gnu-tools-for-stm32.9-2020-q2-update.win32_2.0.0.202105311346/tools/bin/../lib/gcc/arm-none-eabi/9.3.1/../../../../arm-none-eabi/lib/thumb/v7e-m/nofp\libc_nano.a(lib_a-readr.o)
                0x0000000008003204                _read_r
 .text._raise_r
                0x0000000008003228       0x50 c:/st/stm32cubeide_1.6.1/stm32cubeide/plugins/com.st.stm32cube.ide.mcu.externaltools.gnu-tools-for-stm32.9-2020-q2-update.win32_2.0.0.202105311346/tools/bin/../lib/gcc/arm-none-eabi/9.3.1/../../../../arm-none-eabi/lib/thumb/v7e-m/nofp\libc_nano.a(lib_a-signal.o)
                0x0000000008003228                _raise_r
 .text.raise    0x0000000008003278       0x10 c:/st/stm32cubeide_1.6.1/stm32cubeide/plugins/com.st.stm32cube.ide.mcu.externaltools.gnu-tools-for-stm32.9-2020-q2-update.win32_2.0.0.202105311346/tools/bin/../lib/gcc/arm-none-eabi/9.3.1/../../../../arm-none-eabi/lib/thumb/v7e-m/nofp\libc_nano.a(lib_a-signal.o)
                0x0000000008003278                raise
 .text._kill_r  0x0000000008003288       0x24 c:/st/stm32cubeide_1.6.1/stm32cubeide/plugins/com.st.stm32cube.ide.mcu.externaltools.gnu-tools-for-stm32.9-2020-q2-update.win32_2.0.0.202105311346/tools/bin/../lib/gcc/arm-none-eabi/9.3.1/../../../../arm-none-eabi/lib/thumb/v7e-m/nofp\libc_nano.a(lib_a-signalr.o)
                0x0000000008003288                _kill_r
 .text._getpid_r
                0x00000000080032ac        0x4 c:/st/stm32cubeide_1.6.1/stm32cubeide/plugins/com.st.stm32cube.ide.mcu.externaltools.gnu-tools-for-stm32.9-2020-q2-update.win32_2.0.0.202105311346/tools/bin/../lib/gcc/arm-none-eabi/9.3.1/../../../../arm-none-eabi/lib/thumb/v7e-m/nofp\libc_nano.a(lib_a-signalr.o)
                0x00000000080032ac                _getpid_r
 *(.glue_7)
 .glue_7        0x00000000080032b0        0x0 linker stubs
 *(.glue_7t)
 .glue_7t       0x00000000080032b0        0x0 linker stubs
 *(.eh_frame)
 .eh_frame      0x00000000080032b0        0x0 c:/st/stm32cubeide_1.6.1/stm32cubeide/plugins/com.st.stm32cube.ide.mcu.externaltools.gnu-tools-for-stm32.9-2020-q2-update.win32_2.0.0.202105311346/tools/bin/../lib/gcc/arm-none-eabi/9.3.1/thumb/v7e-m/nofp/crtbegin.o
 *(.init)
 .init          0x00000000080032b0        0x4 c:/st/stm32cubeide_1.6.1/stm32cubeide/plugins/com.st.stm32cube.ide.mcu.externaltools.gnu-tools-for-stm32.9-2020-q2-update.win32_2.0.0.202105311346/tools/bin/../lib/gcc/arm-none-eabi/9.3.1/thumb/v7e-m/nofp/crti.o
                0x00000000080032b0                _init
 .init          0x00000000080032b4        0x8 c:/st/stm32cubeide_1.6.1/stm32cubeide/plugins/com.st.stm32cube.ide.mcu.externaltools.gnu-tools-for-stm32.9-2020-q2-update.win32_2.0.0.202105311346/tools/bin/../lib/gcc/arm-none-eabi/9.3.1/thumb/v7e-m/nofp/crtn.o
 *(.fini)
 .fini          0x00000000080032bc        0x4 c:/st/stm32cubeide_1.6.1/stm32cubeide/plugins/com.st.stm32cube.ide.mcu.externaltools.gnu-tools-for-stm32.9-2020-q2-update.win32_2.0.0.202105311346/tools/bin/../lib/gcc/arm-none-eabi/9.3.1/thumb/v7e-m/nofp/crti.o
                0x00000000080032bc                _fini
 .fini          0x00000000080032c0        0x8 c:/st/stm32cubeide_1.6.1/stm32cubeide/plugins/com.st.stm32cube.ide.mcu.externaltools.gnu-tools-for-stm32.9-2020-q2-update.win32_2.0.0.202105311346/tools/bin/../lib/gcc/arm-none-eabi/9.3.1/thumb/v7e-m/nofp/crtn.o
                0x00000000080032c8                . = ALIGN (0x4)
                0x00000000080032c8                _etext = .

.vfp11_veneer   0x00000000080032c8        0x0
 .vfp11_veneer  0x00000000080032c8        0x0 linker stubs

.v4_bx          0x00000000080032c8        0x0
 .v4_bx         0x00000000080032c8        0x0 linker stubs

.iplt           0x00000000080032c8        0x0
 .iplt          0x00000000080032c8        0x0 c:/st/stm32cubeide_1.6.1/stm32cubeide/plugins/com.st.stm32cube.ide.mcu.externaltools.gnu-tools-for-stm32.9-2020-q2-update.win32_2.0.0.202105311346/tools/bin/../lib/gcc/arm-none-eabi/9.3.1/thumb/v7e-m/nofp/crtbegin.o

.rodata         0x00000000080032c8      0x498
                0x00000000080032c8                . = ALIGN (0x4)
 *(.rodata)
 .rodata        0x00000000080032c8       0x2b ./Src/main.o
 *fill*         0x00000000080032f3        0x1 
 .rodata        0x00000000080032f4       0xd2 ./drivers/Src/stm32_SDcard.o
 *fill*         0x00000000080033c6        0x2 
 .rodata        0x00000000080033c8      0x24a ./fsfat32/Src/fsfat32.o
 *(.rodata*)
 *fill*         0x0000000008003612        0x2 
 .rodata._global_impure_ptr
                0x0000000008003614        0x4 c:/st/stm32cubeide_1.6.1/stm32cubeide/plugins/com.st.stm32cube.ide.mcu.externaltools.gnu-tools-for-stm32.9-2020-q2-update.win32_2.0.0.202105311346/tools/bin/../lib/gcc/arm-none-eabi/9.3.1/../../../../arm-none-eabi/lib/thumb/v7e-m/nofp\libc_nano.a(lib_a-impure.o)
                0x0000000008003614                _global_impure_ptr
 .rodata.strtok.str1.1
                0x0000000008003618       0x78 c:/st/stm32cubeide_1.6.1/stm32cubeide/plugins/com.st.stm32cube.ide.mcu.externaltools.gnu-tools-for-stm32.9-2020-q2-update.win32_2.0.0.202105311346/tools/bin/../lib/gcc/arm-none-eabi/9.3.1/../../../../arm-none-eabi/lib/thumb/v7e-m/nofp\libc_nano.a(lib_a-strtok.o)
 .rodata.__assert_func.str1.1
                0x0000000008003690       0x3c c:/st/stm32cubeide_1.6.1/stm32cubeide/plugins/com.st.stm32cube.ide.mcu.externaltools.gnu-tools-for-stm32.9-2020-q2-update.win32_2.0.0.202105311346/tools/bin/../lib/gcc/arm-none-eabi/9.3.1/../../../../arm-none-eabi/lib/thumb/v7e-m/nofp\libc_nano.a(lib_a-assert.o)
                                         0x3d (size before relaxing)
 .rodata.__sf_fake_stderr
                0x00000000080036cc       0x20 c:/st/stm32cubeide_1.6.1/stm32cubeide/plugins/com.st.stm32cube.ide.mcu.externaltools.gnu-tools-for-stm32.9-2020-q2-update.win32_2.0.0.202105311346/tools/bin/../lib/gcc/arm-none-eabi/9.3.1/../../../../arm-none-eabi/lib/thumb/v7e-m/nofp\libc_nano.a(lib_a-findfp.o)
                0x00000000080036cc                __sf_fake_stderr
 .rodata.__sf_fake_stdin
                0x00000000080036ec       0x20 c:/st/stm32cubeide_1.6.1/stm32cubeide/plugins/com.st.stm32cube.ide.mcu.externaltools.gnu-tools-for-stm32.9-2020-q2-update.win32_2.0.0.202105311346/tools/bin/../lib/gcc/arm-none-eabi/9.3.1/../../../../arm-none-eabi/lib/thumb/v7e-m/nofp\libc_nano.a(lib_a-findfp.o)
                0x00000000080036ec                __sf_fake_stdin
 .rodata.__sf_fake_stdout
                0x000000000800370c       0x20 c:/st/stm32cubeide_1.6.1/stm32cubeide/plugins/com.st.stm32cube.ide.mcu.externaltools.gnu-tools-for-stm32.9-2020-q2-update.win32_2.0.0.202105311346/tools/bin/../lib/gcc/arm-none-eabi/9.3.1/../../../../arm-none-eabi/lib/thumb/v7e-m/nofp\libc_nano.a(lib_a-findfp.o)
                0x000000000800370c                __sf_fake_stdout
 .rodata._vfprintf_r.str1.1
                0x000000000800372c       0x11 c:/st/stm32cubeide_1.6.1/stm32cubeide/plugins/com.st.stm32cube.ide.mcu.externaltools.gnu-tools-for-stm32.9-2020-q2-update.win32_2.0.0.202105311346/tools/bin/../lib/gcc/arm-none-eabi/9.3.1/../../../../arm-none-eabi/lib/thumb/v7e-m/nofp\libc_nano.a(lib_a-nano-vfprintf.o)
 .rodata._printf_i.str1.1
                0x000000000800373d       0x22 c:/st/stm32cubeide_1.6.1/stm32cubeide/plugins/com.st.stm32cube.ide.mcu.externaltools.gnu-tools-for-stm32.9-2020-q2-update.win32_2.0.0.202105311346/tools/bin/../lib/gcc/arm-none-eabi/9.3.1/../../../../arm-none-eabi/lib/thumb/v7e-m/nofp\libc_nano.a(lib_a-nano-vfprintf_i.o)
                0x0000000008003760                . = ALIGN (0x4)
 *fill*         0x000000000800375f        0x1 

.rel.dyn        0x0000000008003760        0x0
 .rel.iplt      0x0000000008003760        0x0 c:/st/stm32cubeide_1.6.1/stm32cubeide/plugins/com.st.stm32cube.ide.mcu.externaltools.gnu-tools-for-stm32.9-2020-q2-update.win32_2.0.0.202105311346/tools/bin/../lib/gcc/arm-none-eabi/9.3.1/thumb/v7e-m/nofp/crtbegin.o

.ARM.extab      0x0000000008003760        0x0
                0x0000000008003760                . = ALIGN (0x4)
 *(.ARM.extab* .gnu.linkonce.armextab.*)
                0x0000000008003760                . = ALIGN (0x4)

.ARM            0x0000000008003760        0x0
                0x0000000008003760                . = ALIGN (0x4)
                0x0000000008003760                __exidx_start = .
 *(.ARM.exidx*)
                0x0000000008003760                __exidx_end = .
                0x0000000008003760                . = ALIGN (0x4)

.preinit_array  0x0000000008003760        0x0
                0x0000000008003760                . = ALIGN (0x4)
                0x0000000008003760                PROVIDE (__preinit_array_start = .)
 *(.preinit_array*)
                0x0000000008003760                PROVIDE (__preinit_array_end = .)
                0x0000000008003760                . = ALIGN (0x4)

.init_array     0x0000000008003760        0x4
                0x0000000008003760                . = ALIGN (0x4)
                0x0000000008003760                PROVIDE (__init_array_start = .)
 *(SORT_BY_NAME(.init_array.*))
 *(.init_array*)
 .init_array    0x0000000008003760        0x4 c:/st/stm32cubeide_1.6.1/stm32cubeide/plugins/com.st.stm32cube.ide.mcu.externaltools.gnu-tools-for-stm32.9-2020-q2-update.win32_2.0.0.202105311346/tools/bin/../lib/gcc/arm-none-eabi/9.3.1/thumb/v7e-m/nofp/crtbegin.o
                0x0000000008003764                PROVIDE (__init_array_end = .)
                0x0000000008003764                . = ALIGN (0x4)

.fini_array     0x0000000008003764        0x4
                0x0000000008003764                . = ALIGN (0x4)
                [!provide]                        PROVIDE (__fini_array_start = .)
 *(SORT_BY_NAME(.fini_array.*))
 *(.fini_array*)
 .fini_array    0x0000000008003764        0x4 c:/st/stm32cubeide_1.6.1/stm32cubeide/plugins/com.st.stm32cube.ide.mcu.externaltools.gnu-tools-for-stm32.9-2020-q2-update.win32_2.0.0.202105311346/tools/bin/../lib/gcc/arm-none-eabi/9.3.1/thumb/v7e-m/nofp/crtbegin.o
                [!provide]                        PROVIDE (__fini_array_end = .)
                0x0000000008003768                . = ALIGN (0x4)
                0x0000000008003768                _sidata = LOADADDR (.data)

.data           0x0000000020000000       0x64 load address 0x0000000008003768
                0x0000000020000000                . = ALIGN (0x4)
                0x0000000020000000                _sdata = .
 *(.data)
 *(.data*)
 .data._impure_ptr
                0x0000000020000000        0x4 c:/st/stm32cubeide_1.6.1/stm32cubeide/plugins/com.st.stm32cube.ide.mcu.externaltools.gnu-tools-for-stm32.9-2020-q2-update.win32_2.0.0.202105311346/tools/bin/../lib/gcc/arm-none-eabi/9.3.1/../../../../arm-none-eabi/lib/thumb/v7e-m/nofp\libc_nano.a(lib_a-impure.o)
                0x0000000020000000                _impure_ptr
 .data.impure_data
                0x0000000020000004       0x60 c:/st/stm32cubeide_1.6.1/stm32cubeide/plugins/com.st.stm32cube.ide.mcu.externaltools.gnu-tools-for-stm32.9-2020-q2-update.win32_2.0.0.202105311346/tools/bin/../lib/gcc/arm-none-eabi/9.3.1/../../../../arm-none-eabi/lib/thumb/v7e-m/nofp\libc_nano.a(lib_a-impure.o)
 *(.RamFunc)
 *(.RamFunc*)
                0x0000000020000064                . = ALIGN (0x4)
                0x0000000020000064                _edata = .
                0x00000000080037cc                _siccmram = LOADADDR (.ccmram)

.igot.plt       0x0000000020000064        0x0 load address 0x00000000080037cc
 .igot.plt      0x0000000020000064        0x0 c:/st/stm32cubeide_1.6.1/stm32cubeide/plugins/com.st.stm32cube.ide.mcu.externaltools.gnu-tools-for-stm32.9-2020-q2-update.win32_2.0.0.202105311346/tools/bin/../lib/gcc/arm-none-eabi/9.3.1/thumb/v7e-m/nofp/crtbegin.o

.ccmram         0x0000000010000000        0x0 load address 0x00000000080037cc
                0x0000000010000000                . = ALIGN (0x4)
                0x0000000010000000                _sccmram = .
 *(.ccmram)
 *(.ccmram*)
                0x0000000010000000                . = ALIGN (0x4)
                0x0000000010000000                _eccmram = .
                0x0000000010000000                . = ALIGN (0x4)

.bss            0x0000000020000064       0x38
                0x0000000020000064                _sbss = .
                0x0000000020000064                __bss_start__ = _sbss
 *(.bss)
 .bss           0x0000000020000064       0x1c c:/st/stm32cubeide_1.6.1/stm32cubeide/plugins/com.st.stm32cube.ide.mcu.externaltools.gnu-tools-for-stm32.9-2020-q2-update.win32_2.0.0.202105311346/tools/bin/../lib/gcc/arm-none-eabi/9.3.1/thumb/v7e-m/nofp/crtbegin.o
 *(.bss*)
 .bss.__sbrk_heap_end
                0x0000000020000080        0x4 ./Src/sysmem.o
 .bss.__malloc_free_list
                0x0000000020000084        0x4 c:/st/stm32cubeide_1.6.1/stm32cubeide/plugins/com.st.stm32cube.ide.mcu.externaltools.gnu-tools-for-stm32.9-2020-q2-update.win32_2.0.0.202105311346/tools/bin/../lib/gcc/arm-none-eabi/9.3.1/../../../../arm-none-eabi/lib/thumb/v7e-m/nofp\libc_nano.a(lib_a-nano-mallocr.o)
                0x0000000020000084                __malloc_free_list
 .bss.__malloc_sbrk_start
                0x0000000020000088        0x4 c:/st/stm32cubeide_1.6.1/stm32cubeide/plugins/com.st.stm32cube.ide.mcu.externaltools.gnu-tools-for-stm32.9-2020-q2-update.win32_2.0.0.202105311346/tools/bin/../lib/gcc/arm-none-eabi/9.3.1/../../../../arm-none-eabi/lib/thumb/v7e-m/nofp\libc_nano.a(lib_a-nano-mallocr.o)
                0x0000000020000088                __malloc_sbrk_start
 *(COMMON)
 COMMON         0x000000002000008c        0x9 c:/st/stm32cubeide_1.6.1/stm32cubeide/plugins/com.st.stm32cube.ide.mcu.externaltools.gnu-tools-for-stm32.9-2020-q2-update.win32_2.0.0.202105311346/tools/bin/../lib/gcc/arm-none-eabi/9.3.1/../../../../arm-none-eabi/lib/thumb/v7e-m/nofp\libc_nano.a(lib_a-lock.o)
                0x000000002000008c                __lock___atexit_recursive_mutex
                0x000000002000008d                __lock___arc4random_mutex
                0x000000002000008e                __lock___env_recursive_mutex
                0x000000002000008f                __lock___sinit_recursive_mutex
                0x0000000020000090                __lock___malloc_recursive_mutex
                0x0000000020000091                __lock___at_quick_exit_mutex
                0x0000000020000092                __lock___dd_hash_mutex
                0x0000000020000093                __lock___tz_mutex
                0x0000000020000094                __lock___sfp_recursive_mutex
 *fill*         0x0000000020000095        0x3 
 COMMON         0x0000000020000098        0x4 c:/st/stm32cubeide_1.6.1/stm32cubeide/plugins/com.st.stm32cube.ide.mcu.externaltools.gnu-tools-for-stm32.9-2020-q2-update.win32_2.0.0.202105311346/tools/bin/../lib/gcc/arm-none-eabi/9.3.1/../../../../arm-none-eabi/lib/thumb/v7e-m/nofp\libc_nano.a(lib_a-reent.o)
                0x0000000020000098                errno
                0x000000002000009c                . = ALIGN (0x4)
                0x000000002000009c                _ebss = .
                0x000000002000009c                __bss_end__ = _ebss

._user_heap_stack
                0x000000002000009c      0x604
                0x00000000200000a0                . = ALIGN (0x8)
 *fill*         0x000000002000009c        0x4 
                [!provide]                        PROVIDE (end = .)
                0x00000000200000a0                PROVIDE (_end = .)
                0x00000000200002a0                . = (. + _Min_Heap_Size)
 *fill*         0x00000000200000a0      0x200 
                0x00000000200006a0                . = (. + _Min_Stack_Size)
 *fill*         0x00000000200002a0      0x400 
                0x00000000200006a0                . = ALIGN (0x8)

/DISCARD/
 libc.a(*)
 libm.a(*)
 libgcc.a(*)

.ARM.attributes
                0x0000000000000000       0x2a
 *(.ARM.attributes)
 .ARM.attributes
                0x0000000000000000       0x1e c:/st/stm32cubeide_1.6.1/stm32cubeide/plugins/com.st.stm32cube.ide.mcu.externaltools.gnu-tools-for-stm32.9-2020-q2-update.win32_2.0.0.202105311346/tools/bin/../lib/gcc/arm-none-eabi/9.3.1/thumb/v7e-m/nofp/crti.o
 .ARM.attributes
                0x000000000000001e       0x2e c:/st/stm32cubeide_1.6.1/stm32cubeide/plugins/com.st.stm32cube.ide.mcu.externaltools.gnu-tools-for-stm32.9-2020-q2-update.win32_2.0.0.202105311346/tools/bin/../lib/gcc/arm-none-eabi/9.3.1/thumb/v7e-m/nofp/crtbegin.o
 .ARM.attributes
                0x000000000000004c       0x2e ./Src/main.o
 .ARM.attributes
                0x000000000000007a       0x2e ./Src/syscalls.o
 .ARM.attributes
                0x00000000000000a8       0x2e ./Src/sysmem.o
 .ARM.attributes
                0x00000000000000d6       0x21 ./Startup/startup_stm32f407vgtx.o
 .ARM.attributes
                0x00000000000000f7       0x2e ./drivers/Src/stm32_SDcard.o
 .ARM.attributes
                0x0000000000000125       0x2e ./drivers/Src/stm32f407XX_spi_driver.o
 .ARM.attributes
                0x0000000000000153       0x2e ./drivers/Src/stm32f407xx_gpio_driver.o
 .ARM.attributes
                0x0000000000000181       0x2e ./fsfat32/Src/fsfat32.o
 .ARM.attributes
                0x00000000000001af       0x2e c:/st/stm32cubeide_1.6.1/stm32cubeide/plugins/com.st.stm32cube.ide.mcu.externaltools.gnu-tools-for-stm32.9-2020-q2-update.win32_2.0.0.202105311346/tools/bin/../lib/gcc/arm-none-eabi/9.3.1/../../../../arm-none-eabi/lib/thumb/v7e-m/nofp\libc_nano.a(lib_a-errno.o)
 .ARM.attributes
                0x00000000000001dd       0x2e c:/st/stm32cubeide_1.6.1/stm32cubeide/plugins/com.st.stm32cube.ide.mcu.externaltools.gnu-tools-for-stm32.9-2020-q2-update.win32_2.0.0.202105311346/tools/bin/../lib/gcc/arm-none-eabi/9.3.1/../../../../arm-none-eabi/lib/thumb/v7e-m/nofp\libc_nano.a(lib_a-impure.o)
 .ARM.attributes
                0x000000000000020b       0x2e c:/st/stm32cubeide_1.6.1/stm32cubeide/plugins/com.st.stm32cube.ide.mcu.externaltools.gnu-tools-for-stm32.9-2020-q2-update.win32_2.0.0.202105311346/tools/bin/../lib/gcc/arm-none-eabi/9.3.1/../../../../arm-none-eabi/lib/thumb/v7e-m/nofp\libc_nano.a(lib_a-init.o)
 .ARM.attributes
                0x0000000000000239       0x2e c:/st/stm32cubeide_1.6.1/stm32cubeide/plugins/com.st.stm32cube.ide.mcu.externaltools.gnu-tools-for-stm32.9-2020-q2-update.win32_2.0.0.202105311346/tools/bin/../lib/gcc/arm-none-eabi/9.3.1/../../../../arm-none-eabi/lib/thumb/v7e-m/nofp\libc_nano.a(lib_a-memcpy-stub.o)
 .ARM.attributes
                0x0000000000000267       0x2e c:/st/stm32cubeide_1.6.1/stm32cubeide/plugins/com.st.stm32cube.ide.mcu.externaltools.gnu-tools-for-stm32.9-2020-q2-update.win32_2.0.0.202105311346/tools/bin/../lib/gcc/arm-none-eabi/9.3.1/../../../../arm-none-eabi/lib/thumb/v7e-m/nofp\libc_nano.a(lib_a-memset.o)
 .ARM.attributes
                0x0000000000000295       0x2e c:/st/stm32cubeide_1.6.1/stm32cubeide/plugins/com.st.stm32cube.ide.mcu.externaltools.gnu-tools-for-stm32.9-2020-q2-update.win32_2.0.0.202105311346/tools/bin/../lib/gcc/arm-none-eabi/9.3.1/../../../../arm-none-eabi/lib/thumb/v7e-m/nofp\libc_nano.a(lib_a-printf.o)
 .ARM.attributes
                0x00000000000002c3       0x2e c:/st/stm32cubeide_1.6.1/stm32cubeide/plugins/com.st.stm32cube.ide.mcu.externaltools.gnu-tools-for-stm32.9-2020-q2-update.win32_2.0.0.202105311346/tools/bin/../lib/gcc/arm-none-eabi/9.3.1/../../../../arm-none-eabi/lib/thumb/v7e-m/nofp\libc_nano.a(lib_a-puts.o)
 .ARM.attributes
                0x00000000000002f1       0x1c c:/st/stm32cubeide_1.6.1/stm32cubeide/plugins/com.st.stm32cube.ide.mcu.externaltools.gnu-tools-for-stm32.9-2020-q2-update.win32_2.0.0.202105311346/tools/bin/../lib/gcc/arm-none-eabi/9.3.1/../../../../arm-none-eabi/lib/thumb/v7e-m/nofp\libc_nano.a(lib_a-strcmp.o)
 .ARM.attributes
                0x000000000000030d       0x2e c:/st/stm32cubeide_1.6.1/stm32cubeide/plugins/com.st.stm32cube.ide.mcu.externaltools.gnu-tools-for-stm32.9-2020-q2-update.win32_2.0.0.202105311346/tools/bin/../lib/gcc/arm-none-eabi/9.3.1/../../../../arm-none-eabi/lib/thumb/v7e-m/nofp\libc_nano.a(lib_a-strcpy.o)
 .ARM.attributes
                0x000000000000033b       0x2e c:/st/stm32cubeide_1.6.1/stm32cubeide/plugins/com.st.stm32cube.ide.mcu.externaltools.gnu-tools-for-stm32.9-2020-q2-update.win32_2.0.0.202105311346/tools/bin/../lib/gcc/arm-none-eabi/9.3.1/../../../../arm-none-eabi/lib/thumb/v7e-m/nofp\libc_nano.a(lib_a-strtok.o)
 .ARM.attributes
                0x0000000000000369       0x2e c:/st/stm32cubeide_1.6.1/stm32cubeide/plugins/com.st.stm32cube.ide.mcu.externaltools.gnu-tools-for-stm32.9-2020-q2-update.win32_2.0.0.202105311346/tools/bin/../lib/gcc/arm-none-eabi/9.3.1/../../../../arm-none-eabi/lib/thumb/v7e-m/nofp\libc_nano.a(lib_a-strtok_r.o)
 .ARM.attributes
                0x0000000000000397       0x2e c:/st/stm32cubeide_1.6.1/stm32cubeide/plugins/com.st.stm32cube.ide.mcu.externaltools.gnu-tools-for-stm32.9-2020-q2-update.win32_2.0.0.202105311346/tools/bin/../lib/gcc/arm-none-eabi/9.3.1/../../../../arm-none-eabi/lib/thumb/v7e-m/nofp\libc_nano.a(lib_a-wbuf.o)
 .ARM.attributes
                0x00000000000003c5       0x2e c:/st/stm32cubeide_1.6.1/stm32cubeide/plugins/com.st.stm32cube.ide.mcu.externaltools.gnu-tools-for-stm32.9-2020-q2-update.win32_2.0.0.202105311346/tools/bin/../lib/gcc/arm-none-eabi/9.3.1/../../../../arm-none-eabi/lib/thumb/v7e-m/nofp\libc_nano.a(lib_a-wsetup.o)
 .ARM.attributes
                0x00000000000003f3       0x2e c:/st/stm32cubeide_1.6.1/stm32cubeide/plugins/com.st.stm32cube.ide.mcu.externaltools.gnu-tools-for-stm32.9-2020-q2-update.win32_2.0.0.202105311346/tools/bin/../lib/gcc/arm-none-eabi/9.3.1/../../../../arm-none-eabi/lib/thumb/v7e-m/nofp\libc_nano.a(lib_a-assert.o)
 .ARM.attributes
                0x0000000000000421       0x2e c:/st/stm32cubeide_1.6.1/stm32cubeide/plugins/com.st.stm32cube.ide.mcu.externaltools.gnu-tools-for-stm32.9-2020-q2-update.win32_2.0.0.202105311346/tools/bin/../lib/gcc/arm-none-eabi/9.3.1/../../../../arm-none-eabi/lib/thumb/v7e-m/nofp\libc_nano.a(lib_a-fflush.o)
 .ARM.attributes
                0x000000000000044f       0x2e c:/st/stm32cubeide_1.6.1/stm32cubeide/plugins/com.st.stm32cube.ide.mcu.externaltools.gnu-tools-for-stm32.9-2020-q2-update.win32_2.0.0.202105311346/tools/bin/../lib/gcc/arm-none-eabi/9.3.1/../../../../arm-none-eabi/lib/thumb/v7e-m/nofp\libc_nano.a(lib_a-findfp.o)
 .ARM.attributes
                0x000000000000047d       0x2e c:/st/stm32cubeide_1.6.1/stm32cubeide/plugins/com.st.stm32cube.ide.mcu.externaltools.gnu-tools-for-stm32.9-2020-q2-update.win32_2.0.0.202105311346/tools/bin/../lib/gcc/arm-none-eabi/9.3.1/../../../../arm-none-eabi/lib/thumb/v7e-m/nofp\libc_nano.a(lib_a-fprintf.o)
 .ARM.attributes
                0x00000000000004ab       0x2e c:/st/stm32cubeide_1.6.1/stm32cubeide/plugins/com.st.stm32cube.ide.mcu.externaltools.gnu-tools-for-stm32.9-2020-q2-update.win32_2.0.0.202105311346/tools/bin/../lib/gcc/arm-none-eabi/9.3.1/../../../../arm-none-eabi/lib/thumb/v7e-m/nofp\libc_nano.a(lib_a-fwalk.o)
 .ARM.attributes
                0x00000000000004d9       0x2e c:/st/stm32cubeide_1.6.1/stm32cubeide/plugins/com.st.stm32cube.ide.mcu.externaltools.gnu-tools-for-stm32.9-2020-q2-update.win32_2.0.0.202105311346/tools/bin/../lib/gcc/arm-none-eabi/9.3.1/../../../../arm-none-eabi/lib/thumb/v7e-m/nofp\libc_nano.a(lib_a-lock.o)
 .ARM.attributes
                0x0000000000000507       0x2e c:/st/stm32cubeide_1.6.1/stm32cubeide/plugins/com.st.stm32cube.ide.mcu.externaltools.gnu-tools-for-stm32.9-2020-q2-update.win32_2.0.0.202105311346/tools/bin/../lib/gcc/arm-none-eabi/9.3.1/../../../../arm-none-eabi/lib/thumb/v7e-m/nofp\libc_nano.a(lib_a-makebuf.o)
 .ARM.attributes
                0x0000000000000535       0x2e c:/st/stm32cubeide_1.6.1/stm32cubeide/plugins/com.st.stm32cube.ide.mcu.externaltools.gnu-tools-for-stm32.9-2020-q2-update.win32_2.0.0.202105311346/tools/bin/../lib/gcc/arm-none-eabi/9.3.1/../../../../arm-none-eabi/lib/thumb/v7e-m/nofp\libc_nano.a(lib_a-malloc.o)
 .ARM.attributes
                0x0000000000000563       0x2e c:/st/stm32cubeide_1.6.1/stm32cubeide/plugins/com.st.stm32cube.ide.mcu.externaltools.gnu-tools-for-stm32.9-2020-q2-update.win32_2.0.0.202105311346/tools/bin/../lib/gcc/arm-none-eabi/9.3.1/../../../../arm-none-eabi/lib/thumb/v7e-m/nofp\libc_nano.a(lib_a-nano-freer.o)
 .ARM.attributes
                0x0000000000000591       0x2e c:/st/stm32cubeide_1.6.1/stm32cubeide/plugins/com.st.stm32cube.ide.mcu.externaltools.gnu-tools-for-stm32.9-2020-q2-update.win32_2.0.0.202105311346/tools/bin/../lib/gcc/arm-none-eabi/9.3.1/../../../../arm-none-eabi/lib/thumb/v7e-m/nofp\libc_nano.a(lib_a-nano-mallocr.o)
 .ARM.attributes
                0x00000000000005bf       0x2e c:/st/stm32cubeide_1.6.1/stm32cubeide/plugins/com.st.stm32cube.ide.mcu.externaltools.gnu-tools-for-stm32.9-2020-q2-update.win32_2.0.0.202105311346/tools/bin/../lib/gcc/arm-none-eabi/9.3.1/../../../../arm-none-eabi/lib/thumb/v7e-m/nofp\libc_nano.a(lib_a-nano-vfprintf.o)
 .ARM.attributes
                0x00000000000005ed       0x2e c:/st/stm32cubeide_1.6.1/stm32cubeide/plugins/com.st.stm32cube.ide.mcu.externaltools.gnu-tools-for-stm32.9-2020-q2-update.win32_2.0.0.202105311346/tools/bin/../lib/gcc/arm-none-eabi/9.3.1/../../../../arm-none-eabi/lib/thumb/v7e-m/nofp\libc_nano.a(lib_a-nano-vfprintf_i.o)
 .ARM.attributes
                0x000000000000061b       0x2e c:/st/stm32cubeide_1.6.1/stm32cubeide/plugins/com.st.stm32cube.ide.mcu.externaltools.gnu-tools-for-stm32.9-2020-q2-update.win32_2.0.0.202105311346/tools/bin/../lib/gcc/arm-none-eabi/9.3.1/../../../../arm-none-eabi/lib/thumb/v7e-m/nofp\libc_nano.a(lib_a-sbrkr.o)
 .ARM.attributes
                0x0000000000000649       0x2e c:/st/stm32cubeide_1.6.1/stm32cubeide/plugins/com.st.stm32cube.ide.mcu.externaltools.gnu-tools-for-stm32.9-2020-q2-update.win32_2.0.0.202105311346/tools/bin/../lib/gcc/arm-none-eabi/9.3.1/../../../../arm-none-eabi/lib/thumb/v7e-m/nofp\libc_nano.a(lib_a-stdio.o)
 .ARM.attributes
                0x0000000000000677       0x2e c:/st/stm32cubeide_1.6.1/stm32cubeide/plugins/com.st.stm32cube.ide.mcu.externaltools.gnu-tools-for-stm32.9-2020-q2-update.win32_2.0.0.202105311346/tools/bin/../lib/gcc/arm-none-eabi/9.3.1/../../../../arm-none-eabi/lib/thumb/v7e-m/nofp\libc_nano.a(lib_a-writer.o)
 .ARM.attributes
                0x00000000000006a5       0x2e c:/st/stm32cubeide_1.6.1/stm32cubeide/plugins/com.st.stm32cube.ide.mcu.externaltools.gnu-tools-for-stm32.9-2020-q2-update.win32_2.0.0.202105311346/tools/bin/../lib/gcc/arm-none-eabi/9.3.1/../../../../arm-none-eabi/lib/thumb/v7e-m/nofp\libc_nano.a(lib_a-abort.o)
 .ARM.attributes
                0x00000000000006d3       0x2e c:/st/stm32cubeide_1.6.1/stm32cubeide/plugins/com.st.stm32cube.ide.mcu.externaltools.gnu-tools-for-stm32.9-2020-q2-update.win32_2.0.0.202105311346/tools/bin/../lib/gcc/arm-none-eabi/9.3.1/../../../../arm-none-eabi/lib/thumb/v7e-m/nofp\libc_nano.a(lib_a-closer.o)
 .ARM.attributes
                0x0000000000000701       0x2e c:/st/stm32cubeide_1.6.1/stm32cubeide/plugins/com.st.stm32cube.ide.mcu.externaltools.gnu-tools-for-stm32.9-2020-q2-update.win32_2.0.0.202105311346/tools/bin/../lib/gcc/arm-none-eabi/9.3.1/../../../../arm-none-eabi/lib/thumb/v7e-m/nofp\libc_nano.a(lib_a-fstatr.o)
 .ARM.attributes
                0x000000000000072f       0x2e c:/st/stm32cubeide_1.6.1/stm32cubeide/plugins/com.st.stm32cube.ide.mcu.externaltools.gnu-tools-for-stm32.9-2020-q2-update.win32_2.0.0.202105311346/tools/bin/../lib/gcc/arm-none-eabi/9.3.1/../../../../arm-none-eabi/lib/thumb/v7e-m/nofp\libc_nano.a(lib_a-isattyr.o)
 .ARM.attributes
                0x000000000000075d       0x2e c:/st/stm32cubeide_1.6.1/stm32cubeide/plugins/com.st.stm32cube.ide.mcu.externaltools.gnu-tools-for-stm32.9-2020-q2-update.win32_2.0.0.202105311346/tools/bin/../lib/gcc/arm-none-eabi/9.3.1/../../../../arm-none-eabi/lib/thumb/v7e-m/nofp\libc_nano.a(lib_a-lseekr.o)
 .ARM.attributes
                0x000000000000078b       0x1c c:/st/stm32cubeide_1.6.1/stm32cubeide/plugins/com.st.stm32cube.ide.mcu.externaltools.gnu-tools-for-stm32.9-2020-q2-update.win32_2.0.0.202105311346/tools/bin/../lib/gcc/arm-none-eabi/9.3.1/../../../../arm-none-eabi/lib/thumb/v7e-m/nofp\libc_nano.a(lib_a-memchr.o)
 .ARM.attributes
                0x00000000000007a7       0x2e c:/st/stm32cubeide_1.6.1/stm32cubeide/plugins/com.st.stm32cube.ide.mcu.externaltools.gnu-tools-for-stm32.9-2020-q2-update.win32_2.0.0.202105311346/tools/bin/../lib/gcc/arm-none-eabi/9.3.1/../../../../arm-none-eabi/lib/thumb/v7e-m/nofp\libc_nano.a(lib_a-mlock.o)
 .ARM.attributes
                0x00000000000007d5       0x2e c:/st/stm32cubeide_1.6.1/stm32cubeide/plugins/com.st.stm32cube.ide.mcu.externaltools.gnu-tools-for-stm32.9-2020-q2-update.win32_2.0.0.202105311346/tools/bin/../lib/gcc/arm-none-eabi/9.3.1/../../../../arm-none-eabi/lib/thumb/v7e-m/nofp\libc_nano.a(lib_a-readr.o)
 .ARM.attributes
                0x0000000000000803       0x2e c:/st/stm32cubeide_1.6.1/stm32cubeide/plugins/com.st.stm32cube.ide.mcu.externaltools.gnu-tools-for-stm32.9-2020-q2-update.win32_2.0.0.202105311346/tools/bin/../lib/gcc/arm-none-eabi/9.3.1/../../../../arm-none-eabi/lib/thumb/v7e-m/nofp\libc_nano.a(lib_a-reent.o)
 .ARM.attributes
                0x0000000000000831       0x2e c:/st/stm32cubeide_1.6.1/stm32cubeide/plugins/com.st.stm32cube.ide.mcu.externaltools.gnu-tools-for-stm32.9-2020-q2-update.win32_2.0.0.202105311346/tools/bin/../lib/gcc/arm-none-eabi/9.3.1/../../../../arm-none-eabi/lib/thumb/v7e-m/nofp\libc_nano.a(lib_a-signal.o)
 .ARM.attributes
                0x000000000000085f       0x2e c:/st/stm32cubeide_1.6.1/stm32cubeide/plugins/com.st.stm32cube.ide.mcu.externaltools.gnu-tools-for-stm32.9-2020-q2-update.win32_2.0.0.202105311346/tools/bin/../lib/gcc/arm-none-eabi/9.3.1/../../../../arm-none-eabi/lib/thumb/v7e-m/nofp\libc_nano.a(lib_a-signalr.o)
 .ARM.attributes
                0x000000000000088d       0x1e c:/st/stm32cubeide_1.6.1/stm32cubeide/plugins/com.st.stm32cube.ide.mcu.externaltools.gnu-tools-for-stm32.9-2020-q2-update.win32_2.0.0.202105311346/tools/bin/../lib/gcc/arm-none-eabi/9.3.1/thumb/v7e-m/nofp/crtn.o
OUTPUT(stm32f4_sdcard_spi.elf elf32-littlearm)
LOAD linker stubs
LOAD c:/st/stm32cubeide_1.6.1/stm32cubeide/plugins/com.st.stm32cube.ide.mcu.externaltools.gnu-tools-for-stm32.9-2020-q2-update.win32_2.0.0.202105311346/tools/bin/../lib/gcc/arm-none-eabi/9.3.1/../../../../arm-none-eabi/lib/thumb/v7e-m/nofp\libc.a
LOAD c:/st/stm32cubeide_1.6.1/stm32cubeide/plugins/com.st.stm32cube.ide.mcu.externaltools.gnu-tools-for-stm32.9-2020-q2-update.win32_2.0.0.202105311346/tools/bin/../lib/gcc/arm-none-eabi/9.3.1/../../../../arm-none-eabi/lib/thumb/v7e-m/nofp\libm.a
LOAD c:/st/stm32cubeide_1.6.1/stm32cubeide/plugins/com.st.stm32cube.ide.mcu.externaltools.gnu-tools-for-stm32.9-2020-q2-update.win32_2.0.0.202105311346/tools/bin/../lib/gcc/arm-none-eabi/9.3.1/thumb/v7e-m/nofp\libgcc.a

.debug_info     0x0000000000000000     0x6a6a
 .debug_info    0x0000000000000000      0xf10 ./Src/main.o
 .debug_info    0x0000000000000f10      0xfed ./Src/syscalls.o
 .debug_info    0x0000000000001efd      0xa25 ./Src/sysmem.o
 .debug_info    0x0000000000002922       0x22 ./Startup/startup_stm32f407vgtx.o
 .debug_info    0x0000000000002944      0xfd8 ./drivers/Src/stm32_SDcard.o
 .debug_info    0x000000000000391c     0x1171 ./drivers/Src/stm32f407XX_spi_driver.o
 .debug_info    0x0000000000004a8d     0x1002 ./drivers/Src/stm32f407xx_gpio_driver.o
 .debug_info    0x0000000000005a8f      0xfdb ./fsfat32/Src/fsfat32.o

.debug_abbrev   0x0000000000000000      0xf7d
 .debug_abbrev  0x0000000000000000      0x1ed ./Src/main.o
 .debug_abbrev  0x00000000000001ed      0x2a0 ./Src/syscalls.o
 .debug_abbrev  0x000000000000048d      0x1bf ./Src/sysmem.o
 .debug_abbrev  0x000000000000064c       0x12 ./Startup/startup_stm32f407vgtx.o
 .debug_abbrev  0x000000000000065e      0x23b ./drivers/Src/stm32_SDcard.o
 .debug_abbrev  0x0000000000000899      0x292 ./drivers/Src/stm32f407XX_spi_driver.o
 .debug_abbrev  0x0000000000000b2b      0x26e ./drivers/Src/stm32f407xx_gpio_driver.o
 .debug_abbrev  0x0000000000000d99      0x1e4 ./fsfat32/Src/fsfat32.o

.debug_aranges  0x0000000000000000      0x318
 .debug_aranges
                0x0000000000000000       0x38 ./Src/main.o
 .debug_aranges
                0x0000000000000038       0xb0 ./Src/syscalls.o
 .debug_aranges
                0x00000000000000e8       0x20 ./Src/sysmem.o
 .debug_aranges
                0x0000000000000108       0x28 ./Startup/startup_stm32f407vgtx.o
 .debug_aranges
                0x0000000000000130       0x68 ./drivers/Src/stm32_SDcard.o
 .debug_aranges
                0x0000000000000198       0xc0 ./drivers/Src/stm32f407XX_spi_driver.o
 .debug_aranges
                0x0000000000000258       0x70 ./drivers/Src/stm32f407xx_gpio_driver.o
 .debug_aranges
                0x00000000000002c8       0x50 ./fsfat32/Src/fsfat32.o

.debug_ranges   0x0000000000000000      0x2a0
 .debug_ranges  0x0000000000000000       0x28 ./Src/main.o
 .debug_ranges  0x0000000000000028       0xa0 ./Src/syscalls.o
 .debug_ranges  0x00000000000000c8       0x10 ./Src/sysmem.o
 .debug_ranges  0x00000000000000d8       0x20 ./Startup/startup_stm32f407vgtx.o
 .debug_ranges  0x00000000000000f8       0x58 ./drivers/Src/stm32_SDcard.o
 .debug_ranges  0x0000000000000150       0xb0 ./drivers/Src/stm32f407XX_spi_driver.o
 .debug_ranges  0x0000000000000200       0x60 ./drivers/Src/stm32f407xx_gpio_driver.o
 .debug_ranges  0x0000000000000260       0x40 ./fsfat32/Src/fsfat32.o

.debug_macro    0x0000000000000000     0x3f3e
 .debug_macro   0x0000000000000000      0x23b ./Src/main.o
 .debug_macro   0x000000000000023b      0xaa8 ./Src/main.o
 .debug_macro   0x0000000000000ce3       0x22 ./Src/main.o
 .debug_macro   0x0000000000000d05       0x4c ./Src/main.o
 .debug_macro   0x0000000000000d51       0x18 ./Src/main.o
 .debug_macro   0x0000000000000d69       0x94 ./Src/main.o
 .debug_macro   0x0000000000000dfd       0x3c ./Src/main.o
 .debug_macro   0x0000000000000e39       0x34 ./Src/main.o
 .debug_macro   0x0000000000000e6d       0x16 ./Src/main.o
 .debug_macro   0x0000000000000e83       0x57 ./Src/main.o
 .debug_macro   0x0000000000000eda       0x97 ./Src/main.o
 .debug_macro   0x0000000000000f71      0x339 ./Src/main.o
 .debug_macro   0x00000000000012aa       0xfd ./Src/main.o
 .debug_macro   0x00000000000013a7       0x10 ./Src/main.o
 .debug_macro   0x00000000000013b7       0x16 ./Src/main.o
 .debug_macro   0x00000000000013cd       0x43 ./Src/main.o
 .debug_macro   0x0000000000001410       0x34 ./Src/main.o
 .debug_macro   0x0000000000001444       0x10 ./Src/main.o
 .debug_macro   0x0000000000001454       0x58 ./Src/main.o
 .debug_macro   0x00000000000014ac       0x71 ./Src/main.o
 .debug_macro   0x000000000000151d       0x1c ./Src/main.o
 .debug_macro   0x0000000000001539      0x12a ./Src/main.o
 .debug_macro   0x0000000000001663       0x10 ./Src/main.o
 .debug_macro   0x0000000000001673       0x6a ./Src/main.o
 .debug_macro   0x00000000000016dd       0x1c ./Src/main.o
 .debug_macro   0x00000000000016f9       0x52 ./Src/main.o
 .debug_macro   0x000000000000174b       0x22 ./Src/main.o
 .debug_macro   0x000000000000176d       0x10 ./Src/main.o
 .debug_macro   0x000000000000177d       0x40 ./Src/main.o
 .debug_macro   0x00000000000017bd       0xd5 ./Src/main.o
 .debug_macro   0x0000000000001892       0x1c ./Src/main.o
 .debug_macro   0x00000000000018ae       0x3d ./Src/main.o
 .debug_macro   0x00000000000018eb       0x16 ./Src/main.o
 .debug_macro   0x0000000000001901      0x145 ./Src/main.o
 .debug_macro   0x0000000000001a46      0x103 ./Src/main.o
 .debug_macro   0x0000000000001b49      0x1df ./Src/main.o
 .debug_macro   0x0000000000001d28       0x16 ./Src/main.o
 .debug_macro   0x0000000000001d3e       0x35 ./Src/main.o
 .debug_macro   0x0000000000001d73       0x20 ./Src/main.o
 .debug_macro   0x0000000000001d93      0x661 ./Src/main.o
 .debug_macro   0x00000000000023f4       0xd0 ./Src/main.o
 .debug_macro   0x00000000000024c4       0xf4 ./Src/main.o
 .debug_macro   0x00000000000025b8       0x9a ./Src/main.o
 .debug_macro   0x0000000000002652      0x25e ./Src/syscalls.o
 .debug_macro   0x00000000000028b0      0x174 ./Src/syscalls.o
 .debug_macro   0x0000000000002a24       0x10 ./Src/syscalls.o
 .debug_macro   0x0000000000002a34       0x10 ./Src/syscalls.o
 .debug_macro   0x0000000000002a44       0x10 ./Src/syscalls.o
 .debug_macro   0x0000000000002a54       0x35 ./Src/syscalls.o
 .debug_macro   0x0000000000002a89      0x12c ./Src/syscalls.o
 .debug_macro   0x0000000000002bb5       0x16 ./Src/syscalls.o
 .debug_macro   0x0000000000002bcb       0x16 ./Src/syscalls.o
 .debug_macro   0x0000000000002be1       0x29 ./Src/syscalls.o
 .debug_macro   0x0000000000002c0a       0x10 ./Src/syscalls.o
 .debug_macro   0x0000000000002c1a      0x241 ./Src/syscalls.o
 .debug_macro   0x0000000000002e5b       0x1c ./Src/syscalls.o
 .debug_macro   0x0000000000002e77       0x10 ./Src/syscalls.o
 .debug_macro   0x0000000000002e87      0x189 ./Src/syscalls.o
 .debug_macro   0x0000000000003010       0x16 ./Src/syscalls.o
 .debug_macro   0x0000000000003026       0xce ./Src/syscalls.o
 .debug_macro   0x00000000000030f4       0xff ./Src/sysmem.o
 .debug_macro   0x00000000000031f3      0x23b ./Src/sysmem.o
 .debug_macro   0x000000000000342e      0x220 ./drivers/Src/stm32_SDcard.o
 .debug_macro   0x000000000000364e       0xd6 ./drivers/Src/stm32_SDcard.o
 .debug_macro   0x0000000000003724      0x1e9 ./drivers/Src/stm32f407XX_spi_driver.o
 .debug_macro   0x000000000000390d       0x8e ./drivers/Src/stm32f407XX_spi_driver.o
 .debug_macro   0x000000000000399b       0x51 ./drivers/Src/stm32f407XX_spi_driver.o
 .debug_macro   0x00000000000039ec       0x52 ./drivers/Src/stm32f407XX_spi_driver.o
 .debug_macro   0x0000000000003a3e       0xee ./drivers/Src/stm32f407XX_spi_driver.o
 .debug_macro   0x0000000000003b2c      0x1e9 ./drivers/Src/stm32f407xx_gpio_driver.o
 .debug_macro   0x0000000000003d15      0x229 ./fsfat32/Src/fsfat32.o

.debug_line     0x0000000000000000     0x411b
 .debug_line    0x0000000000000000      0x733 ./Src/main.o
 .debug_line    0x0000000000000733      0x832 ./Src/syscalls.o
 .debug_line    0x0000000000000f65      0x4f3 ./Src/sysmem.o
 .debug_line    0x0000000000001458       0x84 ./Startup/startup_stm32f407vgtx.o
 .debug_line    0x00000000000014dc      0xa73 ./drivers/Src/stm32_SDcard.o
 .debug_line    0x0000000000001f4f      0xb84 ./drivers/Src/stm32f407XX_spi_driver.o
 .debug_line    0x0000000000002ad3      0xbeb ./drivers/Src/stm32f407xx_gpio_driver.o
 .debug_line    0x00000000000036be      0xa5d ./fsfat32/Src/fsfat32.o

.debug_str      0x0000000000000000     0xcb73
 .debug_str     0x0000000000000000     0xabd0 ./Src/main.o
                                       0xae5c (size before relaxing)
 .debug_str     0x000000000000abd0     0x17e9 ./Src/syscalls.o
                                       0x8f60 (size before relaxing)
 .debug_str     0x000000000000c3b9       0x66 ./Src/sysmem.o
                                       0x6278 (size before relaxing)
 .debug_str     0x000000000000c41f       0x31 ./Startup/startup_stm32f407vgtx.o
                                         0x6e (size before relaxing)
 .debug_str     0x000000000000c450       0xd5 ./drivers/Src/stm32_SDcard.o
                                       0xaa1f (size before relaxing)
 .debug_str     0x000000000000c525      0x32a ./drivers/Src/stm32f407XX_spi_driver.o
                                       0xa93b (size before relaxing)
 .debug_str     0x000000000000c84f      0x162 ./drivers/Src/stm32f407xx_gpio_driver.o
                                       0xa7b4 (size before relaxing)
 .debug_str     0x000000000000c9b1      0x1c2 ./fsfat32/Src/fsfat32.o
                                       0xae2f (size before relaxing)

.comment        0x0000000000000000       0x53
 .comment       0x0000000000000000       0x53 ./Src/main.o
                                         0x54 (size before relaxing)
 .comment       0x0000000000000053       0x54 ./Src/syscalls.o
 .comment       0x0000000000000053       0x54 ./Src/sysmem.o
 .comment       0x0000000000000053       0x54 ./drivers/Src/stm32_SDcard.o
 .comment       0x0000000000000053       0x54 ./drivers/Src/stm32f407XX_spi_driver.o
 .comment       0x0000000000000053       0x54 ./drivers/Src/stm32f407xx_gpio_driver.o
 .comment       0x0000000000000053       0x54 ./fsfat32/Src/fsfat32.o

.debug_frame    0x0000000000000000     0x1644
 .debug_frame   0x0000000000000000       0x9c ./Src/main.o
 .debug_frame   0x000000000000009c      0x2d4 ./Src/syscalls.o
 .debug_frame   0x0000000000000370       0x34 ./Src/sysmem.o
 .debug_frame   0x00000000000003a4      0x164 ./drivers/Src/stm32_SDcard.o
 .debug_frame   0x0000000000000508      0x338 ./drivers/Src/stm32f407XX_spi_driver.o
 .debug_frame   0x0000000000000840      0x1c4 ./drivers/Src/stm32f407xx_gpio_driver.o
 .debug_frame   0x0000000000000a04      0x114 ./fsfat32/Src/fsfat32.o
 .debug_frame   0x0000000000000b18       0x20 c:/st/stm32cubeide_1.6.1/stm32cubeide/plugins/com.st.stm32cube.ide.mcu.externaltools.gnu-tools-for-stm32.9-2020-q2-update.win32_2.0.0.202105311346/tools/bin/../lib/gcc/arm-none-eabi/9.3.1/../../../../arm-none-eabi/lib/thumb/v7e-m/nofp\libc_nano.a(lib_a-errno.o)
 .debug_frame   0x0000000000000b38       0x2c c:/st/stm32cubeide_1.6.1/stm32cubeide/plugins/com.st.stm32cube.ide.mcu.externaltools.gnu-tools-for-stm32.9-2020-q2-update.win32_2.0.0.202105311346/tools/bin/../lib/gcc/arm-none-eabi/9.3.1/../../../../arm-none-eabi/lib/thumb/v7e-m/nofp\libc_nano.a(lib_a-init.o)
 .debug_frame   0x0000000000000b64       0x28 c:/st/stm32cubeide_1.6.1/stm32cubeide/plugins/com.st.stm32cube.ide.mcu.externaltools.gnu-tools-for-stm32.9-2020-q2-update.win32_2.0.0.202105311346/tools/bin/../lib/gcc/arm-none-eabi/9.3.1/../../../../arm-none-eabi/lib/thumb/v7e-m/nofp\libc_nano.a(lib_a-memcpy-stub.o)
 .debug_frame   0x0000000000000b8c       0x20 c:/st/stm32cubeide_1.6.1/stm32cubeide/plugins/com.st.stm32cube.ide.mcu.externaltools.gnu-tools-for-stm32.9-2020-q2-update.win32_2.0.0.202105311346/tools/bin/../lib/gcc/arm-none-eabi/9.3.1/../../../../arm-none-eabi/lib/thumb/v7e-m/nofp\libc_nano.a(lib_a-memset.o)
 .debug_frame   0x0000000000000bac       0x74 c:/st/stm32cubeide_1.6.1/stm32cubeide/plugins/com.st.stm32cube.ide.mcu.externaltools.gnu-tools-for-stm32.9-2020-q2-update.win32_2.0.0.202105311346/tools/bin/../lib/gcc/arm-none-eabi/9.3.1/../../../../arm-none-eabi/lib/thumb/v7e-m/nofp\libc_nano.a(lib_a-printf.o)
 .debug_frame   0x0000000000000c20       0x3c c:/st/stm32cubeide_1.6.1/stm32cubeide/plugins/com.st.stm32cube.ide.mcu.externaltools.gnu-tools-for-stm32.9-2020-q2-update.win32_2.0.0.202105311346/tools/bin/../lib/gcc/arm-none-eabi/9.3.1/../../../../arm-none-eabi/lib/thumb/v7e-m/nofp\libc_nano.a(lib_a-puts.o)
 .debug_frame   0x0000000000000c5c       0x20 c:/st/stm32cubeide_1.6.1/stm32cubeide/plugins/com.st.stm32cube.ide.mcu.externaltools.gnu-tools-for-stm32.9-2020-q2-update.win32_2.0.0.202105311346/tools/bin/../lib/gcc/arm-none-eabi/9.3.1/../../../../arm-none-eabi/lib/thumb/v7e-m/nofp\libc_nano.a(lib_a-strcmp.o)
 .debug_frame   0x0000000000000c7c       0x20 c:/st/stm32cubeide_1.6.1/stm32cubeide/plugins/com.st.stm32cube.ide.mcu.externaltools.gnu-tools-for-stm32.9-2020-q2-update.win32_2.0.0.202105311346/tools/bin/../lib/gcc/arm-none-eabi/9.3.1/../../../../arm-none-eabi/lib/thumb/v7e-m/nofp\libc_nano.a(lib_a-strcpy.o)
 .debug_frame   0x0000000000000c9c       0x38 c:/st/stm32cubeide_1.6.1/stm32cubeide/plugins/com.st.stm32cube.ide.mcu.externaltools.gnu-tools-for-stm32.9-2020-q2-update.win32_2.0.0.202105311346/tools/bin/../lib/gcc/arm-none-eabi/9.3.1/../../../../arm-none-eabi/lib/thumb/v7e-m/nofp\libc_nano.a(lib_a-strtok.o)
 .debug_frame   0x0000000000000cd4       0x40 c:/st/stm32cubeide_1.6.1/stm32cubeide/plugins/com.st.stm32cube.ide.mcu.externaltools.gnu-tools-for-stm32.9-2020-q2-update.win32_2.0.0.202105311346/tools/bin/../lib/gcc/arm-none-eabi/9.3.1/../../../../arm-none-eabi/lib/thumb/v7e-m/nofp\libc_nano.a(lib_a-strtok_r.o)
 .debug_frame   0x0000000000000d14       0x40 c:/st/stm32cubeide_1.6.1/stm32cubeide/plugins/com.st.stm32cube.ide.mcu.externaltools.gnu-tools-for-stm32.9-2020-q2-update.win32_2.0.0.202105311346/tools/bin/../lib/gcc/arm-none-eabi/9.3.1/../../../../arm-none-eabi/lib/thumb/v7e-m/nofp\libc_nano.a(lib_a-wbuf.o)
 .debug_frame   0x0000000000000d54       0x2c c:/st/stm32cubeide_1.6.1/stm32cubeide/plugins/com.st.stm32cube.ide.mcu.externaltools.gnu-tools-for-stm32.9-2020-q2-update.win32_2.0.0.202105311346/tools/bin/../lib/gcc/arm-none-eabi/9.3.1/../../../../arm-none-eabi/lib/thumb/v7e-m/nofp\libc_nano.a(lib_a-wsetup.o)
 .debug_frame   0x0000000000000d80       0x40 c:/st/stm32cubeide_1.6.1/stm32cubeide/plugins/com.st.stm32cube.ide.mcu.externaltools.gnu-tools-for-stm32.9-2020-q2-update.win32_2.0.0.202105311346/tools/bin/../lib/gcc/arm-none-eabi/9.3.1/../../../../arm-none-eabi/lib/thumb/v7e-m/nofp\libc_nano.a(lib_a-assert.o)
 .debug_frame   0x0000000000000dc0       0x5c c:/st/stm32cubeide_1.6.1/stm32cubeide/plugins/com.st.stm32cube.ide.mcu.externaltools.gnu-tools-for-stm32.9-2020-q2-update.win32_2.0.0.202105311346/tools/bin/../lib/gcc/arm-none-eabi/9.3.1/../../../../arm-none-eabi/lib/thumb/v7e-m/nofp\libc_nano.a(lib_a-fflush.o)
 .debug_frame   0x0000000000000e1c      0x14c c:/st/stm32cubeide_1.6.1/stm32cubeide/plugins/com.st.stm32cube.ide.mcu.externaltools.gnu-tools-for-stm32.9-2020-q2-update.win32_2.0.0.202105311346/tools/bin/../lib/gcc/arm-none-eabi/9.3.1/../../../../arm-none-eabi/lib/thumb/v7e-m/nofp\libc_nano.a(lib_a-findfp.o)
 .debug_frame   0x0000000000000f68       0x64 c:/st/stm32cubeide_1.6.1/stm32cubeide/plugins/com.st.stm32cube.ide.mcu.externaltools.gnu-tools-for-stm32.9-2020-q2-update.win32_2.0.0.202105311346/tools/bin/../lib/gcc/arm-none-eabi/9.3.1/../../../../arm-none-eabi/lib/thumb/v7e-m/nofp\libc_nano.a(lib_a-fprintf.o)
 .debug_frame   0x0000000000000fcc       0x54 c:/st/stm32cubeide_1.6.1/stm32cubeide/plugins/com.st.stm32cube.ide.mcu.externaltools.gnu-tools-for-stm32.9-2020-q2-update.win32_2.0.0.202105311346/tools/bin/../lib/gcc/arm-none-eabi/9.3.1/../../../../arm-none-eabi/lib/thumb/v7e-m/nofp\libc_nano.a(lib_a-fwalk.o)
 .debug_frame   0x0000000000001020       0xb0 c:/st/stm32cubeide_1.6.1/stm32cubeide/plugins/com.st.stm32cube.ide.mcu.externaltools.gnu-tools-for-stm32.9-2020-q2-update.win32_2.0.0.202105311346/tools/bin/../lib/gcc/arm-none-eabi/9.3.1/../../../../arm-none-eabi/lib/thumb/v7e-m/nofp\libc_nano.a(lib_a-lock.o)
 .debug_frame   0x00000000000010d0       0x58 c:/st/stm32cubeide_1.6.1/stm32cubeide/plugins/com.st.stm32cube.ide.mcu.externaltools.gnu-tools-for-stm32.9-2020-q2-update.win32_2.0.0.202105311346/tools/bin/../lib/gcc/arm-none-eabi/9.3.1/../../../../arm-none-eabi/lib/thumb/v7e-m/nofp\libc_nano.a(lib_a-makebuf.o)
 .debug_frame   0x0000000000001128       0x30 c:/st/stm32cubeide_1.6.1/stm32cubeide/plugins/com.st.stm32cube.ide.mcu.externaltools.gnu-tools-for-stm32.9-2020-q2-update.win32_2.0.0.202105311346/tools/bin/../lib/gcc/arm-none-eabi/9.3.1/../../../../arm-none-eabi/lib/thumb/v7e-m/nofp\libc_nano.a(lib_a-malloc.o)
 .debug_frame   0x0000000000001158       0x38 c:/st/stm32cubeide_1.6.1/stm32cubeide/plugins/com.st.stm32cube.ide.mcu.externaltools.gnu-tools-for-stm32.9-2020-q2-update.win32_2.0.0.202105311346/tools/bin/../lib/gcc/arm-none-eabi/9.3.1/../../../../arm-none-eabi/lib/thumb/v7e-m/nofp\libc_nano.a(lib_a-nano-freer.o)
 .debug_frame   0x0000000000001190       0x30 c:/st/stm32cubeide_1.6.1/stm32cubeide/plugins/com.st.stm32cube.ide.mcu.externaltools.gnu-tools-for-stm32.9-2020-q2-update.win32_2.0.0.202105311346/tools/bin/../lib/gcc/arm-none-eabi/9.3.1/../../../../arm-none-eabi/lib/thumb/v7e-m/nofp\libc_nano.a(lib_a-nano-mallocr.o)
 .debug_frame   0x00000000000011c0       0xac c:/st/stm32cubeide_1.6.1/stm32cubeide/plugins/com.st.stm32cube.ide.mcu.externaltools.gnu-tools-for-stm32.9-2020-q2-update.win32_2.0.0.202105311346/tools/bin/../lib/gcc/arm-none-eabi/9.3.1/../../../../arm-none-eabi/lib/thumb/v7e-m/nofp\libc_nano.a(lib_a-nano-vfprintf.o)
 .debug_frame   0x000000000000126c       0x60 c:/st/stm32cubeide_1.6.1/stm32cubeide/plugins/com.st.stm32cube.ide.mcu.externaltools.gnu-tools-for-stm32.9-2020-q2-update.win32_2.0.0.202105311346/tools/bin/../lib/gcc/arm-none-eabi/9.3.1/../../../../arm-none-eabi/lib/thumb/v7e-m/nofp\libc_nano.a(lib_a-nano-vfprintf_i.o)
 .debug_frame   0x00000000000012cc       0x2c c:/st/stm32cubeide_1.6.1/stm32cubeide/plugins/com.st.stm32cube.ide.mcu.externaltools.gnu-tools-for-stm32.9-2020-q2-update.win32_2.0.0.202105311346/tools/bin/../lib/gcc/arm-none-eabi/9.3.1/../../../../arm-none-eabi/lib/thumb/v7e-m/nofp\libc_nano.a(lib_a-sbrkr.o)
 .debug_frame   0x00000000000012f8       0x88 c:/st/stm32cubeide_1.6.1/stm32cubeide/plugins/com.st.stm32cube.ide.mcu.externaltools.gnu-tools-for-stm32.9-2020-q2-update.win32_2.0.0.202105311346/tools/bin/../lib/gcc/arm-none-eabi/9.3.1/../../../../arm-none-eabi/lib/thumb/v7e-m/nofp\libc_nano.a(lib_a-stdio.o)
 .debug_frame   0x0000000000001380       0x2c c:/st/stm32cubeide_1.6.1/stm32cubeide/plugins/com.st.stm32cube.ide.mcu.externaltools.gnu-tools-for-stm32.9-2020-q2-update.win32_2.0.0.202105311346/tools/bin/../lib/gcc/arm-none-eabi/9.3.1/../../../../arm-none-eabi/lib/thumb/v7e-m/nofp\libc_nano.a(lib_a-writer.o)
 .debug_frame   0x00000000000013ac       0x28 c:/st/stm32cubeide_1.6.1/stm32cubeide/plugins/com.st.stm32cube.ide.mcu.externaltools.gnu-tools-for-stm32.9-2020-q2-update.win32_2.0.0.202105311346/tools/bin/../lib/gcc/arm-none-eabi/9.3.1/../../../../arm-none-eabi/lib/thumb/v7e-m/nofp\libc_nano.a(lib_a-abort.o)
 .debug_frame   0x00000000000013d4       0x2c c:/st/stm32cubeide_1.6.1/stm32cubeide/plugins/com.st.stm32cube.ide.mcu.externaltools.gnu-tools-for-stm32.9-2020-q2-update.win32_2.0.0.202105311346/tools/bin/../lib/gcc/arm-none-eabi/9.3.1/../../../../arm-none-eabi/lib/thumb/v7e-m/nofp\libc_nano.a(lib_a-closer.o)
 .debug_frame   0x0000000000001400       0x2c c:/st/stm32cubeide_1.6.1/stm32cubeide/plugins/com.st.stm32cube.ide.mcu.externaltools.gnu-tools-for-stm32.9-2020-q2-update.win32_2.0.0.202105311346/tools/bin/../lib/gcc/arm-none-eabi/9.3.1/../../../../arm-none-eabi/lib/thumb/v7e-m/nofp\libc_nano.a(lib_a-fstatr.o)
 .debug_frame   0x000000000000142c       0x2c c:/st/stm32cubeide_1.6.1/stm32cubeide/plugins/com.st.stm32cube.ide.mcu.externaltools.gnu-tools-for-stm32.9-2020-q2-update.win32_2.0.0.202105311346/tools/bin/../lib/gcc/arm-none-eabi/9.3.1/../../../../arm-none-eabi/lib/thumb/v7e-m/nofp\libc_nano.a(lib_a-isattyr.o)
 .debug_frame   0x0000000000001458       0x2c c:/st/stm32cubeide_1.6.1/stm32cubeide/plugins/com.st.stm32cube.ide.mcu.externaltools.gnu-tools-for-stm32.9-2020-q2-update.win32_2.0.0.202105311346/tools/bin/../lib/gcc/arm-none-eabi/9.3.1/../../../../arm-none-eabi/lib/thumb/v7e-m/nofp\libc_nano.a(lib_a-lseekr.o)
 .debug_frame   0x0000000000001484       0x30 c:/st/stm32cubeide_1.6.1/stm32cubeide/plugins/com.st.stm32cube.ide.mcu.externaltools.gnu-tools-for-stm32.9-2020-q2-update.win32_2.0.0.202105311346/tools/bin/../lib/gcc/arm-none-eabi/9.3.1/../../../../arm-none-eabi/lib/thumb/v7e-m/nofp\libc_nano.a(lib_a-mlock.o)
 .debug_frame   0x00000000000014b4       0x2c c:/st/stm32cubeide_1.6.1/stm32cubeide/plugins/com.st.stm32cube.ide.mcu.externaltools.gnu-tools-for-stm32.9-2020-q2-update.win32_2.0.0.202105311346/tools/bin/../lib/gcc/arm-none-eabi/9.3.1/../../../../arm-none-eabi/lib/thumb/v7e-m/nofp\libc_nano.a(lib_a-readr.o)
 .debug_frame   0x00000000000014e0       0x5c c:/st/stm32cubeide_1.6.1/stm32cubeide/plugins/com.st.stm32cube.ide.mcu.externaltools.gnu-tools-for-stm32.9-2020-q2-update.win32_2.0.0.202105311346/tools/bin/../lib/gcc/arm-none-eabi/9.3.1/../../../../arm-none-eabi/lib/thumb/v7e-m/nofp\libc_nano.a(lib_a-reent.o)
 .debug_frame   0x000000000000153c       0xcc c:/st/stm32cubeide_1.6.1/stm32cubeide/plugins/com.st.stm32cube.ide.mcu.externaltools.gnu-tools-for-stm32.9-2020-q2-update.win32_2.0.0.202105311346/tools/bin/../lib/gcc/arm-none-eabi/9.3.1/../../../../arm-none-eabi/lib/thumb/v7e-m/nofp\libc_nano.a(lib_a-signal.o)
 .debug_frame   0x0000000000001608       0x3c c:/st/stm32cubeide_1.6.1/stm32cubeide/plugins/com.st.stm32cube.ide.mcu.externaltools.gnu-tools-for-stm32.9-2020-q2-update.win32_2.0.0.202105311346/tools/bin/../lib/gcc/arm-none-eabi/9.3.1/../../../../arm-none-eabi/lib/thumb/v7e-m/nofp\libc_nano.a(lib_a-signalr.o)
