stm32f407XX_spi_driver.c:13:6:SPI_PeripheralClockControl	16	static
stm32f407XX_spi_driver.c:52:6:SPI_Init	24	static
stm32f407XX_spi_driver.c:103:6:SPI_DeInit	16	static
stm32f407XX_spi_driver.c:116:6:SPI_Send	24	static
stm32f407XX_spi_driver.c:145:6:SPI_Read	24	static
stm32f407XX_spi_driver.c:174:9:SPI_GetFlagStatus	16	static
stm32f407XX_spi_driver.c:186:6:SPI_PeripheralControl	16	static
stm32f407XX_spi_driver.c:201:7:SPI_SSIConfig	16	static
stm32f407XX_spi_driver.c:216:7:SPI_SSOEConfig	16	static
stm32f407XX_spi_driver.c:232:6:SPI_IRQInterruptConfig	16	static
stm32f407XX_spi_driver.c:272:9:SPI_SendIT	32	static
stm32f407XX_spi_driver.c:295:6:SPI_CloseTransmissionIT	16	static
stm32f407XX_spi_driver.c:311:6:SPI_CloseRecptionIT	16	static
stm32f407XX_spi_driver.c:331:13:spi_txe_interrupt_handle	16	static
stm32f407XX_spi_driver.c:375:13:spi_rxne_interrupt_handle	16	static
stm32f407XX_spi_driver.c:420:13:spi_error_interrupt_handle	24	static
stm32f407XX_spi_driver.c:444:9:SPI_ReadIT	32	static
stm32f407XX_spi_driver.c:467:6:SPI_ClearOVRFlag	24	static
stm32f407XX_spi_driver.c:476:6:SPI_IRQPriorityConfig	24	static
stm32f407XX_spi_driver.c:488:6:SPI_IRQHandling	24	static
stm32f407XX_spi_driver.c:522:27:SPI_ApplicationEventCallBack	16	static
