main.c:19:6:SPI2_GPIOInits	24	static
main.c:56:6:SPI2_Inits	40	static
main.c:72:6:deselectSDcard	8	static
main.c:73:6:selectSDcard	8	static
main.c:75:6:sdPowerUp	16	static
main.c:119:6:sdInitSeq	16	static
main.c:166:6:readOCR	16	static
main.c:213:6:sd_final_Init	64	static
main.c:303:6:prepReadWrite	40	static
main.c:323:6:readBlockSingle	32	static
main.c:378:6:writeBlockSingle	24	static
main.c:435:6:readBlockMultiple	16	static
main.c:441:6:writeBlockMultiple	8	static
main.c:446:6:stopTransfer	8	static
main.c:452:5:main	8	static
